BOOB4422
BOOTH183
BOSSLADY
BOSSLEE
BOTAS165
BOTTY038
BRAES148
BRAKY088
BRATS603
BREE3276
BREN7533
BRERE676
BREWERS
BRICK587
BRIE1930
BUDGIE
BURA0480
BUSHIDO
C4ZPER
CAFE0185
CAMOS310
CAPO2520
CARDOC
CARK1769
CHD
CHILLYWILLY
CINE6301
CODED075
COIRS079
COMER003
CONIC123
CONIN873
CROPS
CRURA164
CRUS0462
CURDY020
CUS
CUZZ
DASKRATZEIS
DBR
DBZ
DEACON
DEEVE903
DEKE3687
DERPY
DGB
DHALS664
DHOPE
DHOW7240
DIOLS073
DIRK5140
DIRL6701
DITE0765
DIVAS633
DJDJ
DJP
DOGFISH
DOLED355
DORKY
DOULA787
DO_THE_DEW
DROG
DSQUAD
DUANEYD
DUCA
DUCE9416
DUITS822
ELIDE371
ELRIC
ERK
EZZ
FACE9185
FALU
FEE31833
FER15919
FEWER432
FICHE737
FINCA689
FINOS464
FIRMS313
FOLIE380
FREESEX
FUST8589
GATHS971
GB916
GGO
GISMS392
GIVE9684
GIVED972
GLIAL231
GLIFF059
GLOBY154
GOBBI574
GOIER849
GOLDY541
GONK7137
GOOFY25
GOOLS065
GORM8587
GREET865
GREGS
GRIPY156
GRIS5735
GROMA817
GROPE854
HAFFS788
HEIMDALL
HELOT325
HELP1852
HULLS728
HYDRA323
HYPHY
ICES0872
ILEX5242
IMAGE723
IMSHI800
ISTLE775
IXTLE230
JAYS
JD2020
JEFES693
JELLS542
JOEY4943
JOR
KABS2285
KADI4109
KAGU4501
KAIES862
KANAS320
KANG6482
KANGS757
KARN5295
KBARS443
KEDGY042
KEMBO403
KEMPS326
KENCH768
KENS3695
KEYS9868
KHATS180
KHETS945
KIANG222
KINAS320
KINDS655
KIPPA301
KIRNS372
KLUTZ610
KNEES403
KOOKS006
KOPEK215
KWANGO53
KYBO0601
LAZES881
LEAT3114
LENSE266
LIA
LOAFS962
LOLL4390
LOOP1833
LOT67738
LOWE8729
LUMA6798
LURK
MALTS844
MAMMA488
MATTE731
MAUL
MEDII163
METH2032
MIGGS138
MINGS159
MISE6145
MITIS841
MOMMOM
MOSES422
MOTTO350
MOWER189
MRROGERS
MUFFS743
MUSE2818
MUTT9313
MWR
NABLA293
NAFFS039
NAGS1743
NEAT3261
NGO
NOCK9901
NOIL2674
NOOKY421
NOT92477
NOTCH678
NOTCH830
NOUNS485
NOUP2611
OBIA8429
OOSES069
OPEPE199
OPERA287
ORGAN112
OWSEN818
PACAS345
PARES708
PATE2991
PEBA8447
PIAL3505
PICKELEDEGG
PLUS1
POKEY200
POLO5660
POMOS675
PRIMA544
PURIM295
PYAT6839
PYRAN850
RANAS599
RASPY735
RATHE336
RAWIN734
REDAN350
RESET346
RETRO333
ROGUE968
ROILS186
ROVER
RUE04296
RYALS581
SAHIB659
SAITH487
SALES254
SARED006
SAUTE784
SCANS813
SEEMS268
SEGUE202
SENSE746
SERGE742
SEWN4508
SHAMS490
SHEEBA
SHEWN285
SHIER367
SIKES773
SILES436
SINDS056
SIXTH801
SKAW4951
SKRAN652
SLAES797
SLOW0144
SMEEK145
SMILE286
SMOWT122
SNOTS651
SOLES786
SOON4854
SOOTY635
SOY76254
SPALL563
SPRTN
STEW2280
STIPE615
STRAD865
STRIDER
STUNS539
SUES2931
SWAT2077
SYBO0693
SYLIS194
TALL0453
TARS8261
TEGUS635
TELOS898
TEXMEX
TFM
THEGN268
TIMON563
TINKS
TOGAS809
TOL
TOPO4396
TRIGO396
TRIST129
TROWS665
UNFED041
UNMIX273
VALVE863
VR6
WARRE170
WEEPY967
WKO
WOUND149
WWP
XLIV
XMT
YAP
YARD0485
YIELD080
YONG
YUK67648
Z8
ZEIZZ
ZERATUL
ZORA
ZXX
99.9
AFTER093
AGOGE099
ALDEA133
ALS41974
ANARCHIST71
ANOMY574
ARIAS257
ATOMS023
BACKS354
BARBS422
BICEP888
BIDER796
BIG1
BIGS2193
BIKE9684
BILK8082
BINDI007
BITTW
BIZZBROOD
BOAB6702
BOOKS124
BOSK1645
BRAVOCASH
CAAS3485
CALL4978
CCCCCC
CEE24436
CELLS834
CERB
CHADS557
CHAI4253
CHAW
CMOB
CNY
COBRA1
CONHOW
CUBI
CUKI
CUSS1766
CYMAE743
CYMAS887
CYTHAS
DANG
DAUBE113
DDDDD
DEME8895
DEVIL051
DIAL2821
DICTS338
DIVE9843
DJB
DOWLS414
EASYMONEY
EGADS
EGOTROLL
EINY
EKED8608
ELFIN161
EMF30975
ENY
ERS
ESES8496
ESF
ETH
ETRAIN
ETUI1157
ETYMA406
EXCEL
EXT
EZZY
FANS1620
FARK
FARSE534
FIAT
FICIN555
FIL
FISKS433
FLIX2453
FLUTY756
FNORD
FORD5584
FRAGG
FRUGGY
FRUMP274
FUNDY444
GAMER329
GAWK0385
GAWK4757
GELTS404
GEN86560
GIBS8959
GIMEL366
GLADY734
GLIME230
GLOOP617
GLOVE050
GOEY8699
GONIA907
GORMY585
GREEK454
GREX2953
GUTTA256
GYAL2404
HAHA69
HAN
HASHY963
HEM10074
HHS
HILO
HINT
HOGGE
HOR
HUGS5783
HYES7041
HYMNS677
IBIS6419
ICT316
IMPLANT
INION794
INKLE535
J-DUB
JAXY1521
JOKE0476
KERL
KHETH134
KILLFEED
KINGZ
KISSY261
KNOB0234
KNOPS081
KOELS643
KOINE930
KOOK8370
KOOKY921
KOPS6067
KPU
KREW
LAMS8729
LAWD
LIMA
LIMBY416
LITHS606
LITS4845
LMAO!!
LOCA
LOGE
LOWSE631
MACKS713
MADAM552
MAHOE210
MAIL0043
MALM0442
MBN
METHS828
MHII
MICKS546
MIKED794
MINOS075
MISOS089
MOBM
MOBQUEEN
MOBS7194
MOSH3753
MOTTE740
MOZZ7804
MUMS2301
MUSTLES
N3
NICOLE
NOGG3388
NOGS3773
NOWS9500
NUDES066
NUKED459
OBIIT416
OLLAV579
ONER0044
OXIDS646
PACHA832
PAIKS892
PALL
PAWNS661
PEAGE502
PERNS085
PIMPS571
PITAS325
PLUMB362
POD64321
POWS2049
PRAM8382
PROUD903
PRT
PSHNOOK
PSYCH983
PUNGS708
PUNS8351
PUREE860
PURTY
PYIN9464
PYOTS587
QAID6431
QUACK632
QUAIR970
QUAKE128
QUEEF
QUICH791
QUIFF962
QUIN9211
QUIRK015
QUOTE498
RADS2116
RAICHU
RAY81287
REGGO069
REMAN233
RESIN042
ROPER681
ROTI8300
RRFC
RUNS3491
SABS8986
SADES125
SARS9773
SCONE809
SCUMS976
SEANS179
SESS0212
SHEAR676
SHOT8408
SINKS410
SISS3556
SIXX
SKA12185
SKEE5006
SKIS0437
SMERK271
SNATH337
SNATH848
STARK903
STO
STRAP
SUEDE961
SULU5581
SUNUP132
SWALY951
TAINS376
TEDDYVERE
TELEX206
TITIES
TOWSE340
TOYER989
TRAPR
TRATT599
TRIFF417
TWIER042
UKES3532
URVA7290
USERS165
UVA
VAIRS994
VALES501
VAN14040
VARVE725
VAUT5262
VENAL041
VERT4113
VID71301
VILLA085
VINER067
VISNA984
VISNE032
VITA0615
VIVAT766
VIVES207
VLEIS255
VOLED290
VOLES308
VUGH1562
WAGES948
WEMS9757
WHIFF346
WICKS237
WIDEN460
WIDEN785
WIDEN850
WIFE8775
WIFTY327
WINGY639
WINS4900
WINY0735
XD9
XEROX312
YIV
YKILL
YOGPOD
YOGSCAST
ZACKS782
ZAMIA296
ZARIS629
ZEAS0170
ZENDO898
4SKIN
78
ADAYS344
AERIE472
AGE59356
AGIOS338
AHOLD900
ALGAS086
ALOW3116
AMASS171
AMEX
AMMOS990
APPOLLO18
ARBOR840
ARE06259
ARLES483
ASYLA418
ATRAIN
AUNE5582
AXED7110
AXION187
BABEL526
BAD34430
BAJRA151
BAMER
BEERME
BENNE833
BIBBS119
BIGCAT
BKBRAD
BLENDER
BOO-BOO
BOTT4740
BPOTS
BSK
BTO
BUGGER
BULLA539
BUTFUX
BWILL
BYDE1378
BYRE8569
CEEF
CELS9392
CEPTEK
CGD
CHEATS
CHEEZY
CHUY
CIS
CLARK
CNIDA124
COBB
COBRAS
COC
COOPS091
CRANKBUGS
CREED
CRUSHEM
CRYMSIN
CYAN
CYPRESS
CZECH
DAFFY
DAISYBEAR
DAST
DEARY483
DEBT2780
DECRY934
DIB
DIOLS083
DIOLS967
DIRTYMUTT
DMG
DOCT7385
DOLCE946
DONBRAS
DONNY
DORT1282
DOZE0554
DRAGOMIR
DRAGOON
DRAIL726
DRAVEN
DRGN
DRIZZLE
DRUID
DST
DUEL
DYERS139
EARST768
EAST7282
ECADS109
EDU
EGAD0882
EGOS0825
EMIRS930
ERIB
ETHIC527
F14D
F1RST
FEARS484
FELL6456
FIXT5882
FLEER226
FLYER625
FONT
FOUS3062
FRIS6213
FUNNY228
G$
GABS8726
GALLY788
GARD
GEED5132
GIPPO467
GIRL3237
GIRSH123
GLEE0042
GLINT412
GOON9851
GOSSE680
GOYS1648
GRASP725
GUPPY919
HAR
HAULM587
HAWK54
HBIF
HDG
HEDER758
HEXED1
HOCUS619
HOWFF359
HRLM07
HUMS8605
IDEE6616
INCUBO
IPL
JAGGS038
JAGRA410
JIFFY779
JOLS5609
KIPPIN
KISAN522
KLABER
KNIVE830
KOI
KONT
KONY
LARGO616
LAUFS209
LAXER
LEA26562
LEASH514
LI
LIV
LUDOS979
LUFC
LUIS
LWM
MAESTRO
MAMMA
METRE432
MINE2
MINILOVE
MITER977
MKP
MOB31
MOLDS391
MONG3093
MONSTA
MUCKS326
MUSH7774
MVM
NIS
NOG17071
NURRS520
NYG
OATER623
OFLAG408
ORST
OWNER973
P4L
PACKER
PAGE6785
PALKI093
PARDI556
PAREV199
PARTYROCK
PARVO072
PASPY648
PINTS414
PIZZA041
PLAY5877
PLAYS070
POESY473
POOR1295
POPR
PORT0096
POTED851
POULT252
PRANK577
PSTAR
PUGIL561
PUGIL907
PUKES134
PUNGA683
PUNS8008
QBC
QUEAN929
RAL
RECCY321
RIBIT
ROATE878
ROOFY443
ROSET745
ROZET793
SACKS191
SADE9269
SAHIB745
SALTO556
SANDIEGO
SAVE0348
SCREW
SCULP259
SDR
SEACOW
SEMEN595
SHALM663
SHOLA556
SINCE082
SIRB
SKIED642
SKIPPY
SKRAN258
SLIM6224
SNIB4594
SNYES735
SODA0643
SOWM3993
SPEWY650
SPROD626
SRY
STARR286
STIE4167
SWUG
TAS53133
TERM1
TEXTS417
THEFRANK27
TICK1099
TIMES056
TITTY286
TKING
TLP
TOGUE258
TOUNS851
TOUR8810
TRADE566
TRADS187
TRYMA399
TWR
UNDUG745
URSA7639
V9
VAGG
VE
VEENA984
VEXES678
VIL
VILLS737
VINOS975
VIOLA766
VIVAT966
VIX
VOLKS646
VOLS7611
VXSCOP
VZ
WEE16153
WELK4347
WHOPS772
WICCA890
WIG53820
WINN4554
WIT52913
WUSS5814
YARTO254
ZAMAN363
0516
1F
666667
ALANT099
ALCA
AMAIN751
AMBIT702
ANI95964
ANKUS808
ANTAE084
APSE0197
APSO0438
ARB83547
ARMER712
ARO
ASKOI181
ASPER243
BACH6927
BAD16599
BALKY917
BAMABOY
BEARR
BEAUS165
BEEBS
BELLS138
BESAT499
BGT
BIBB0596
BITER992
BLET8164
BODGE170
BOUSY978
BOXES289
BRAH
BRINS094
BROG7275
BRONIES
BROOK167
BRR99492
BRYSON
BUBA8094
BUBBLES1127
BUMBO771
BUR
BURG8040
BURGERBUNS
BURN7373
BURSA395
BUS53372
BUTUT028
CABBY488
CAGER110
CAGER875
CAGES506
CAMS
CANDU
CANON740
CAPER754
CAPUL443
CARMELO7
CAST7294
CAT99004
CAUP2212
CEDER117
CELT3054
CEPE8524
CHAPE794
CHAYA267
CHEEZBURGER
CHEVYSS
CHIC8014
CHIEL100
CHIZ4374
CHOCK641
CHOCO
CHONS075
CHUGS569
CHUP
CIDE5423
CISTS585
CN9
COCKY246
CODON083
COFF1158
COG
COLONIUS
COLOR
COLORADO
COMM5300
COMPO746
COMPO995
CONNER
CORNHOLIO
CORNO117
COTAN925
COW55355
COWS3847
COZIE517
CREPT407
CRISE096
CRISTO
CRWTH280
CUBIC478
CUED2006
CURSE991
CUT07603
CUTES308
DACHA769
DAGS1805
DANNO
DAVER
DAWK7038
DAWN0535
DEADHEAD
DECAF672
DEEDS152
DEFENSE
DEMOLAY
DEN61
DENARD
DESTINE
DEUS5779
DHOW4910
DIGIMON
DIKE
DOCS
DOD
DODGERS
DOGGYSTYLE
DOP
DOWL5432
DREAM173
DREAMER
DRENT991
DRILL
DROW1961
DUAN2180
DUG
DULES835
DULLS978
DUN08677
DUNAM668
DUPED398
DURRA926
DZOM
EARLS038
EECH3980
ELDER990
EMBOW538
EMURE155
EMYDE301
ENDED034
ENG24622
ENJOY342
ENOLS147
EPL
ERBIA720
ERUVS856
EXILE224
EXIST419
EYAS7473
EYER9585
EYRES992
F150
FAT17984
FEARS582
FEE17993
FEEDS224
FENDY716
FIG88448
FLAME707
FLAY8221
FOP
FOURS359
FRATE376
FYCE9328
GAWKS376
GELS7740
GERES249
GETS3109
GIDS5302
GINGERBREAD
GLADE754
GO1
GOBBI419
GOLFER
GOPAK312
GREENGIANT
GUSSY245
GUY76468
GYTE0107
H3
HADST453
HAFF3833
HALMS221
HARD4534
HARN7659
HARNS560
HAULT297
HEEDY377
HEEL0597
HERM6819
HESPS568
HOLED806
IDEAS377
IGLOO878
INDRI319
JMACK
JOCKS576
KAB78004
KIFF2395
KJT
KLK
KOED
KOH
KOP55059
LACER705
LEARN200
LEEAR828
LEECH090
LEVEE962
LEZ02084
LICK9263
LIMBI684
LINE3260
LINOS699
LOB07379
LOCA7042
LOCH9968
LOI
LOLL
LOTION
LOUD1764
LURKER
LYARD811
LYE04488
LYTED937
M3BMW
MELTY610
MIAUL741
MICE5857
MILIA254
MINE8418
MOG31897
MONEYS
MRPUNK
MTB.
N1
NHS
NITES413
NOOP0162
NUB26384
ODYLS292
OLPES671
OMAN
OPE
ORAL
OSLO
OWLS5588
PADI
PELON555
PICS4992
PION5767
PIP85761
PIPA8584
POCKS564
PSP
PSS
PULED997
PUNTA
PUSSYPOP
PWK
PYE
QUOIN262
RAIS3731
RATH
RAYS3729
REDMAN
REEL
RJM
RNM
ROJI2512
ROPES395
RSTY
RUBAI183
RUGGY006
RYAN32497
SBK
SERED371
SERON652
SHAD
SKAARIN
SNAGS213
SNIBS728
SOLDS408
SPUDS599
STOON
STRX
STY
SYED9078
TAHOE
TAKEN031
THECA845
TOUSY152
TOY83092
TRAPT835
TRES8722
TRICK568
UEFA
UNDY2149
UNRIP461
UNWIT621
URUN
USC
USGOV
USMC2
USNA
UX
VAMPS613
VANES568
VAREC461
VAS18037
VAUNT468
VAUTS971
VEEE
VIOLA262
VOD
VOLTS925
VTEC
VU
VVO
WAFL3
WASTS472
WEIRDO
WHAP2995
WHITS160
WOODS404
WOODY079
WRANG480
WWA
WWWWWW
WYNDS538
WYNNS420
XANAX
XANTH
XERUS208
Y2K
YHB
YL
YM
YN
YOGURT
YOUNGIN
YOUSE613
YP
YS
YTR
YUCCH193
YUKES387
YUPS5896
Z3
ZAM
ZILL1800
ZITTY
ZL1
ZOOB
ZORG
ZXCM
ZXS
ZXZ
0000000
10$
5$
ADZE5054
AHA03326
ALATE136
ALPS4246
ALTAR623
ANT48426
ANTSY892
ASSAI298
ATOPY895
AXAL0423
BACK8100
BALKY510
BALLY823
BDY
BEANER
BEDE6259
BEEP7182
BENCH744
BERKS730
BHAT5987
BICES145
BINGY850
BIRD4866
BIRLS756
BIRRS943
BLANK462
BLASE544
BLATE127
BLIN5211
BOGIE974
BOGLE686
BOLAR700
BONNIE
BOOMY374
BOONG297
BOOT5720
BOSH0875
BOUGE604
BOUGE694
BOWLS153
BOYED890
BOYO8935
BRACH459
BRAES883
BREW6867
BROW0105
BULLS523
CADET839
CAGER121
CALP2476
CANN1167
CAPI8961
CASITN
CAVES426
CHAMS586
CHETH231
CHIKS491
CHIRK420
CHOCK672
CIAO8758
CINE3064
CIST3690
CLASH313
CLOOP822
CONGA127
COOEE287
COPPY133
CUPID438
CURLY070
DAD88480
DAVEN458
DEBTS790
DECOS611
DEKES403
DENY9709
DEWS8926
DIACT972
DINKS167
DINOS585
DISKS236
DOGMA256
DOLCE252
DON3
DOOS0503
DOPAS873
DOT13467
DOT53773
DOUM0858
DOWEL170
DOYEN155
DRAY2606
DRTBG
DUBB
DUROC728
DUSTY
EDDO3810
EGGO
ETEN8399
ETTA
EXPO3891
FACE6084
FALAJ931
FANGA262
FARLE803
FIFED229
FILAR947
FILET193
FIRED876
FIREDUST
FLAWN925
FORUM996
FOSSA187
FOWTH673
FOY61621
FRACK760
FRAY1695
FREES477
FUCKERS
FUFFS626
FUGIO503
FYKED233
GAIRS997
GAOLS420
GARB1106
GAS16010
GASPY063
GATE6157
GATOR845
GAWK5329
GAZER300
GEEK5914
GIMPY271
GLIBS467
GLOPS430
GLOZE883
GNARR963
GOBBO166
GOOK
GOOP3042
GROW5842
GTAIV
GU3
GURS2849
GUSSY217
GYPPY899
GYROS965
HAKU1355
HALES016
HALMS845
HAMES214
HANKY030
HEED5292
HEW92174
HIGHT876
HILLS509
HKM
HOW44701
HUSKS203
ICANTSTOP
INVITE69
JAWAIIAN
JEE68686
JEFF68
JIRGA725
JJP
JLK
JOEY2361
JOWL7627
JUICE887
KAF44559
KARAS
KATHY
KAUGH147
KEBAB
KELSY
KEX01101
KHOUM515
KHS
KIDS4931
KING62
KINGKONG
KIRKS137
KISH8087
KITTYKAT
KNUR9160
KOJIS326
KOLO1349
KOT
KRC
KREWE154
L7
LA6
LACES377
LADE0738
LAEVO638
LAFFY
LAIRD203
LANE1976
LAZZI540
LAZZI541
LCA
LEFT4DEAD
LEGGY362
LERED633
LEST2479
LEVIN330
LEYS1677
LIANE431
LIB15189
LIBEL893
LIBER992
LICH0727
LIGHT256
LIMAS336
LIMP
LIND3941
LINTY559
LIPA0018
LIPO1738
LIPO2328
LISS
LIVES759
LJA
LMZ
LOGOI987
LOIDS504
LOK
LOKE0566
LOKE4467
LOOBY746
LOPE9620
LORD1771
LORDY
LORIS091
LOUP1729
LOUT5345
LTZ
LUBES013
LUCKY13
LUDIC646
LUGED078
LUK3
LUKY
LULLS170
LURES553
LUXE7628
LXA
LYTTA440
M0B
M25
M29
M2E
M7
MACED589
MAGILLA
MAIKO605
MAIL5014
MAIL5082
MARGS082
MARIJUANA
MARL2187
MARON078
MASTER906394
META4919
MIJO
MIKEGX
MILWAUKEE
MINECRAFTER
MIRAJ
MIRKS114
MIZEN478
MLI
MMBJAB
MOB27
MOBSTA
MONKY
MOTA
MOTET045
MOW
MSGT
MTB
MURCIELAGO
MZM
NACHE203
NEUMS551
NICKSTET
NICLAS
NISSAN
NJH
NMN
NOBA
NODISRESPECT
NOORA
NOSCY
NOTW
NOVEL482
NUM
ODI
ONION
ORIEL742
OXXO
PAIR
PANDORA
PARSONS
PELVIS
PHEON403
PIFF7
PLA
POLKA973
POTOO724
POULE303
POYNT253
PPA
PRAD2657
PRORE237
PULKS566
PYNED782
QAY
QUAY2117
QUIT
QVC
R33
RAJAH463
RAU
RDY
REMIXX
RENEW
REV007
RFC
ROUL3406
ROULE753
RTA
RUBIN848
RYALS236
RZA
SAMPI141
SAPAN594
SCARE701
SEANZ
SEELY204
SEIL6538
SENNA631
SHEOL525
SHEWS280
SHOGI081
SHRI5350
SINZ
SKART058
SKRIK584
SLEDS480
SMEE1765
SOLDE895
SP00N
SPATS277
SPEAN165
STAGS044
STOBS674
STUNG347
SWEYS224
SWORDS
SYRIA
T5
TALE
TAPOUT
TCA
TENTY996
TESTY080
TGF
THESE194
TIKES715
TILED371
TIRO8727
TOPHER
TRAIT044
TRIPPY
TROOPER2000
TUMOR
TURPS793
TWANK869
UMAD?
USURE308
VAGI5592
VBN
VCV
VDA
VETERAN
VEVO
VHF
VIKINGPOWER
VIRGE974
VIVA0470
VIZIR622
VODCA
VOLKS410
VOV
VTC
VUG37539
WAUK8712
WEB58104
WEMB9984
WESTWOOD
WFO
WHOLE744
WIDER831
WILLZ
WINCH773
WOD
WORT8307
X49
XANDLER
XENON747
YAPPS782
YARE4462
YEARN325
YOYO123
ZENITH
ZGK
ZIPS
ZOOS0209
ZOOT
ZSZ
ZUP
ZUVU
187THUG
3Z
410MD
@A
A5H
A7X
AC-DC
ACKEE433
AIRPORT
ALAND229
ALFIE
ALPO
ALS
ANNANOESKA
APPLY208
ARROWZ
ATAXY886
AXON9735
BABAS476
BASTA847
BEY22240
BFT
BGJT
BICEP346
BIT81325
BITZ
BKD
BLACKOPS2
BLANKS
BODLE047
BOOTY666
BUCKS
BUDSKII
BULLYWHACKER
BURRO427
C13
CAFE8661
CAMPI100
CEIL2054
CFT
CHACK818
CHAIN271
CHINA193
CHIVS732
CIRE8593
CJA
CLR
CMB
COALA152
CODE911
CODER144
COIR4231
COLON514
COO09386
COP17414
CORNI337
COSEY708
CRIBS137
CRICK161
CROOK116
CTM
CTZ
CUES1532
DABS3455
DAFF6897
DAMME275
DCT
DEBT4384
DEBUS200
DECAF372
DECO1023
DEMO8015
DESSE779
DETER625
DEVOUR
DICT3491
DILLI136
DIMP6807
DIXI1016
DOBBY920
DOCZEUS
DODYMAN
DOLMA048
DONCHICO
DORAD542
DORM
DOWEL257
DROOK083
DRT
DSH
DUNGS108
DUOS1581
E6
ELINT939
ENDR
ENORM753
ESG
ETHOS444
ETNA8114
EWERS428
FEES3070
FIXIT858
FOCI3170
FOHS2111
FONDA063
FORKS088
FORMS914
FREON119
FROSH070
FUDDY078
FUF
FURLY
FURY3826
G0D
GAID4995
GENT
GIRT7780
GITE2801
GLENS399
GMANIA
GOALS235
GOEY7584
GONIA506
GOOKY131
GOOLD889
GOON1
GOSH5851
GOSS4386
GRADS942
GRAY1912
GRIFT886
GRIND
GRL
GROHL
GROOF111
GROWL077
GRUES864
GUYSE597
GYRE1156
GYVE3734
HAJJI793
HALL5
HAMES270
HANCE774
HASTE038
HAVOC939
HEST8792
HGEE187
HITHE393
HITMAN2112
HIY
HOG52419
HOKEY368
HOLME210
HOMER604
HORAS745
HUCKS941
HUFFY914
HUII
HUMF2798
HUND
HUSKER1
HYDRO713
HYNDE699
IBCREW
ICLAW
ICON1811
IDLY3876
IGGED186
ILIAL568
ILLTH782
IMAMS305
IMSHI627
IMYOURS
INK81173
INLAW146
INRO4906
INTO1632
INUST677
IPT
IRATE861
ITCHY289
ITHER944
IVORY
JAB39378
JABA
JACKCARD
JAPED839
JAWAN845
JAYKUSH
JCN
JD3
JET60ISBEAST
JHH
JIHAD143
JIRDS343
JOINS925
JOWS6601
K1LL4H
KAIK0195
KB05
KDAWG
KEAS3024
KELPY439
KKKKK
KOBE24
KOR
KYLOE103
LABIS843
LEAK3380
LEGGE545
LEROYDON
LEV50026
LINTY701
LIVER678
LIVRE299
LOLLY809
LOUTS068
LUNT8227
MACABRE
MAMMOTH
MARD1014
MAST8974
MATMAN
MAXB
MAXIMUS
MAZE9395
MEES5761
MEET6902
MIENS642
MIT95
MIXES055
MKO
MLM
MOBMEMBER
MONS3065
MOPED940
MOR34969
MORON910
MOSED398
MOSEY573
MOXAS629
MOZE6008
MS-13
MUSO7881
NADER
NAILS
NAPPA120
NAPS8185
NEXTS234
NOCK8207
NOTT6462
NUTTY
OAVES344
OCTYL596
ODES5700
OLDGREGG
OLEGREASY
ONCER545
OPAL5088
OPINE253
OSMIC659
OTTR
OUCHTIME
P22A
P9
PAISE427
PANIC
PANNE218
PANTHERS
PAO
PAOLO488
PARAS107
PASHA023
PASSE060
PATER300
PAW25957
PEEPE914
PEGS5557
PERSIA
PES94657
PETTI850
PHONY886
PIAZZA
PIERT110
PIPER546
PITY1294
PLUMB043
PLUSH717
POEMS785
PONE5387
PONES249
POPPA
PREM1414
PULA6397
PUNT4256
PUPAS694
PWNZ
PYXES269
Q5
RAKE9577
RASED722
REC72801
RELY8455
REPOS870
RFV
RIMED587
RISKS299
RLJ
RUMAL309
S1
SARDS314
SARGENT
SCAIL088
SCANT494
SCUSE327
SEEN6205
SERON058
SERRE099
SETA9071
SHAKO565
SHAW1604
SHEAF370
SHEWS454
SHIRT
SHLEP322
SIP51375
SKA24263
SLAP9425
SMCM
SMOCK188
SNARY297
SNED6635
SNIDE854
SOKKIE
SOLA4940
SOLDS498
SOLDS713
SOMA8740
SOOKS610
SORDO409
SOU18455
SPAES924
SPANG646
SPARK039
SPC
SPEAN063
SPENNY
SPIZ
SPW
SRJ
STARGATE
STENIS
STIR5912
STOOP494
STOP1939
SUIT8914
SUPES654
SWALE126
SWANK753
SWEAR318
SWEAT030
SWEEDE
SWELT939
SWIG2456
SYBBE370
T8T
TAPED312
TARDO803
TARED274
TARN8707
TAZE
TAZZA639
TENON659
THEHOD
THEW4153
TIMMYT
TINED177
TOG
TOOTH
TOQUE768
TRIAC813
TRIMS785
TUMID712
TUNGSTEN
TUQUE482
TWAES462
ULAN0778
UMOP
UMPHS678
UNA
UNTIE616
VERITAS
VGB
VISAS951
WED04716
WEEPY583
WONK
WORTS485
XYLYL182
ZANZE769
ZDZD
$1M
$WAG
4$4
90GUY
AALL
ABOHM189
ACE13
ADDME87
ARMED924
AVALE991
AZOIC138
BLOKE736
BOLAS741
BOMBE923
BOMBO766
BORGO268
BUIKS053
CIS97666
COSY2268
COZEN952
CUIFS319
DAUBS585
DIES5282
DJDEAN
DOATS992
DOER1778
DOL38166
DOWF6072
DOXIE511
DRAIN209
DULLY815
ECOD1133
EGGAR761
EWOOD
EXODE021
FAME9819
FERAL842
FURY5806
FUSC8844
GARE5048
GILLS533
GLAUR056
GLIAL977
GNARS244
GOAD3731
GODET732
GRADE654
GRAME502
GRAN2000
GRANA099
GREEK626
GRIKE346
GROUT572
GUMS9521
HALF7383
HALID058
HANDY516
HANKS657
HANTS612
HAPLY884
HATS3801
HAULM886
HELP2432
HEME8326
HERNS015
HERO4925
HERSE258
HEWN6718
HEXYL726
HOERS893
HOKEY551
HOLED935
HOLKS245
HOMER232
HOPS6792
HOSE2228
HOUFS122
HOURS385
JADES537
JAPED353
JAVAS479
JAWS4561
JAXY9075
JEMMY354
JERK2429
JILT6440
JIMMYBIMBLE
JOHN9881
JOINT880
JOOAL723
JOTS9548
JOUKS045
JUDY6354
JUST5774
JUTTY071
KAWED907
KIKY
KILLA98
KILLS9
KILO7225
KORO2561
KUBE
KYPE7383
L$UF@N
LABRA932
LADYLUCK
LAEVO636
LAFFS824
LAGAN925
LAID
LAMA
LAMPS542
LANCER
LANT7952
LARE
LARGE400
LASES526
LASVEGAS
LATCH029
LAUDS354
LDT
LEA
LEERY536
LEST7104
LIBYA
LIMPS160
LOATH459
LOB
LOCA7438
LOESS137
LOGES736
LOGO3344
LOLBOT
LOLFFS
LOOFS524
LOON4918
LOON9706
LOOPS011
LOOS9640
LOPED194
LOPPY031
LORES668
LOSES503
LOWAN526
LRG
LUMA7871
LUNATIC
LYSES460
MACDADDY
MACSON
MADJAY
MANOFSTEEL
MARDY202
MATEY910
MAZES705
MEES4323
MEITH474
METIS447
MEWED636
MILD6730
MINER930
MIP
MIRS4554
MIST
MITT5793
MNB
MNG
MOBKID
MOIRA559
MOLLA130
MOLY3390
MOLY9315
MOODS076
MOPE
MORON
MORTALS
MOSS6217
MOUE1509
MOZZY
MRMOBBY
MRSM
MUGSY1
MULEY960
MULLET
MUNCH905
MUNT
MUSHY877
MW3BEAST
MYSID394
MYTH4927
MYXO7715
N7
NADA3873
NAGGY589
NAHAL057
NAZE4116
NEIVE892
NEKS0422
NERD4059
NICK8847
NICNAC
NIGGAS
NIKKY
NINJATIM
NIRL1413
NIT
NOTCH
NOULE572
NSTA
NTS
OCEAN210
OFFENSE
OHSTOP
OMERS797
ONLAY812
OO7
OPAH7447
OPIUM794
OUPA8065
P1
PACERS
PAIS6614
PAISA364
PATTE896
PEDOBEAR
PEE35541
PEF
PELA7995
PERU
PERV
PESKY
PFM
PIDJ
PIKED826
PILUM245
PINA9075
PINGAS
PLODE
POD69210
POUP
PREP
PROGRESS
PSG
PUFF2TUFF
PUFFLES
PULER103
PUNG
PWNO
QUAKE085
QUICH701
RACE9497
RACKS
RAMAL892
RAVER
RED38861
REFIX307
REFUND
RIMS
RIPE
RIVOS402
RONT4114
RRNA
RUGAE843
RXX
SANDM
SCORPIUS
SCOTCH
SEFFUS
SEONER
SEXPISTOLS
SEXXY
SFX
SHARKS
SHOGS271
SHORL821
SHUGGIES
SIGN3280
SINC
SIPS
SKILLZ
SKYFALL
SLATY904
SLISH243
SLIT
SLURP589
SNE
SPALL133
SPATE861
SPAWL910
SPEER542
SPRINTER
SPURT874
SRI
SRP
STAYLIP
STEND486
SUNSAN
SUPERSTAR
SURDS856
SYPHILIS
T95
TALLAN
TARAN
TAWTS424
TEAD2959
TEAMRED
TELE5870
THE10TH
THEOWL
TIPTOE
TITY
TOADY
TONER945
TROK
TROLL923
TRUE80
TSS
TUGS1232
TUNE2347
UIR
UNBAR912
UNIT9111
UNL
UPRISING
UPTOWN
USED9405
USMARINE
UZER
VAFFANCULO
VAMPY761
VEEPS267
VEGAS299
VENGEFUL
VERT6031
VEST7443
VETTE
VG
VIDS7873
VILDE
VIMEN651
VIPRE
VISED979
VIVE8193
VK
VL
VM
VOG
VOID
VOLS
VUGS3943
VULN6367
VUMS2775
VWTDI
VY
W9
WAKED189
WANT8271
WAQFS029
WAUK0833
WAUR2537
WAWE3373
WEDDING
WILO
WITH3737
WKD
WO
WOCKS495
WON17192
WOOFER
WOOPS801
WORN5906
WORST333
WP2301
WPS
WRYER640
WSP
WWII
XKAOSX2
YAUDS750
YEAHH
YEAPAL
YETTI
YIRRS986
YIRTH862
YOBBO353
YOCK5745
YODAWG
YOKEL277
YOUPI
YTOST872
YUCK6263
YUKED750
YWIS4077
ZIZ
0984
ADDZED
AMAS2650
ANTA4838
AROW4017
BAKEN286
BARCA801
BARM5188
BAWL0765
BAZZ
BCBUD
BEADS202
BEADS203
BEAU
BENS9604
BICEP351
BOEP8613
BOSK1198
BROVAHKIIN
BUFFE208
BURS0216
BYKED821
CAFFS536
CAVIE073
CH7LL
CHAOS340
CLANG723
CORONA
COTHS276
COTS2041
COYLY709
CR7
CRAIGY
CRUNCH
CUBBY728
DARKY737
DATE8098
DC4
DEITY432
DEXY6504
DICTY471
DIRER858
DJ1
DJJ1
DULLS947
EIDER774
EIKS3910
ELFED247
EMBER491
EMES2683
ENVOY039
ERASE781
ESSE2402
F-16
FARO2394
FIBRO613
FIGA
FLOCK908
G36C
GENE0549
GIRRS864
GLED8097
GLOP9118
GLUT8606
GUANA594
GUNSNROSES
HERS8764
HNNKN
HUNTTIME
HURST062
HUSC14
HYFR
ICK86666
IDA
IDEAL503
IDEJ
INCUT937
INTIS599
IXION
JEELY312
KAILS999
KATAA
KILL1407
KNAWE475
KONKS167
KRAZZY
LAMBS454
LAZE5040
LBS
LEEK3621
LEEP1320
LEFT6350
LEGGY173
LEMON626
LES
LHERO
LICHT759
LILT2734
LINE6809
LINKY152
LOGO0760
LOTO0984
LRC
LUES8543
LUST4994
MACGYVER
MACON
MADBRO
MAGIC178
MANES202
MANY6581
MARIA556
MASKEN
MAZE23
MER
METHS125
MIC1
MICO1191
MIEN6311
MILKO926
MILLER1
MILODOG
MINAE778
MINOS754
MIO
MIRLY847
MISSRENAE
MOAI8716
MOAS6951
MOB2
MOBX1000
MOCH7368
MOHEL919
MOKO
MOKO1903
MONGO686
MONTA8
MOOF
MOOO
MOOOO
MOR
MORIE
MORPH311
MOSH
MOU
MOUS
MP4
MRC1
MRFG
MRSS
MSE
MTURK
N2
NAKEDACE
NAM
NAWF
NAZGUL
NEL
NEON9957
NEONS447
NEST1412
NETT6143
NEUME669
NEVER412
NGWEE072
NIGHTHAWK
NIMBI050
NIPPLES
NITEMARE
NJF
NOLES472
NOR37096
NOWEL298
NOZZ
NUDIE639
NULLA199
NUVOYZ
NWS
OAF31142
OAKER264
OBIS9242
OCCUR830
ODAH1866
ODDLY907
ODIC7623
OLDER418
OLEO2481
OLOGY991
OOT06294
OOT09015
OPE43832
ORBED517
OSSIA788
OU812
OUCHT503
OUTGO442
OUZO4813
OVA49380
OXEN3982
OXIDE563
OXO40436
OZONE827
P4C1
P90X
PACCIANI
PADRE546
PADRI766
PALLY308
PANEL107
PAPAS197
PASPY227
PAT43566
PATCH900
PBJ
PDA
PEATY987
PELA8209
PELLA
PHOH6152
PHOTON
PHRA
PICA3682
PIERS
PIGHT259
PIKA
PIKI5145
PINHEAD
PINO
PINTO
PISTOL87
PITAS595
PITCHFORK
PJM
PK21
PLK
PLOD
PMITE
POLKS617
PRAETOR
PREOP417
PRIEF059
PROV1
PROWS545
PUFFS293
PUSHY892
PYXED364
PYXIS269
QOPHS531
QUIRE227
RAB
RACHETCITY
RADIO
RAISE983
RALPH142
RAMMY488
RANCHICH
RAT82797
RECTI744
RELAPSE
RETRO
ROAM3460
ROFFE
ROOF9246
RORES602
RORTS413
ROYALE
ROYBEAN
ROZIT157
RRT
RSY
RUMOR756
RUNCH840
RUTH
S780
SAFE8664
SAINT45
SARDS797
SCALD699
SCRIP083
SCULK561
SEBI
SHALY795
SHOAT902
SHUT7732
SIDH1938
SIJO9628
SINO
SISSY
SIXZ
SLAE7036
SLIMSHADY
SMEAR812
SOFAS300
SOFTA499
SPARK611
SQA
SSW
STICK122
STIES783
SUGHS053
SWAGGA
SWITS186
SYENS942
SYNCS561
SYREN579
TAA
TACHE898
TALCS490
TAW
TAY
TEMPO970
TEXT6994
TILER553
TING
TITZ
TKN
TOUN0717
TRIPE956
TRUCK214
TZ
UNDUE758
UNKED219
URINE036
USA7
VARES213
VIBE6976
VISED050
VITE3415
VOLS7472
WAERWET
WAIVE463
WARDOG
WARHOL
WAZY
WEARS903
WEDGY327
WEEKS493
WEEPY582
WEETS036
WELLS393
WG
WHEE8838
WHELP327
WHENS447
WHIO2008
WHYME
WIGGY895
WILCO732
WILLY179
WINEY902
WIPES779
WOLF102
WOLF233
WRAWL078
WRECK894
WUDU6885
XYLEM686
YACCA351
YAIRD845
YAKS7963
YANG5694
YAPOK834
YAW72452
YAY05628
YAYS6374
YDRAD581
YEED8124
YEWEN921
YODS0969
YOK80510
YOLKS175
YONI7732
YOUKS051
YSAME275
YUCKS396
YUCKY877
YUGAS335
YUKS7786
YULAN923
YUTZ5747
YWIS4641
ZAZEN088
ZEPS8835
ZERO8986
ZETA5657
ZIT22650
ZYGA4743
ZZZZZZZ
414POSSE
AAA123
ADUNC332
AEGIS374
AIDS6096
ALDEA889
ALOUD408
AMAH1988
ANNO7325
APEEK221
APPLY385
AREAR427
ARILS023
ATTAP610
AUNES339
AXONE678
AZLON652
B0SS
B37
BEAN5101
BGOTT21
BHUT9202
BINDS989
BINGS169
BOATS123
BORNE483
BOSS4712
BOTEL226
BOTTE910
BOXES980
BRASS605
BRUNT780
BUFF6873
BUNDS139
BYRLS112
BYTES901
C6
CAVE6894
CLASH841
CLAST436
CLATS690
CLAVI309
CLIPS853
CLIPT107
CLOAK423
CLOG4075
CODE15
COOER507
COWGIRL
CRAIG335
CUFFO503
DAALS382
DAUBY101
DEEDY435
DEEK3812
DEEP4112
DEES4298
DEILS189
DEKED842
DEN19733
DENS7369
DEVIL1
DIKAS445
DINKS304
DIVER634
DRAY8745
DUNGS502
DUNKS448
DUSKY188
DUXES720
DYES5150
DZHO6678
EPODE175
EPROM380
EPROM490
ERED9509
ERICS966
ERODE811
FABS9113
FACER068
FADER636
FAVRE
FIRK3686
FLUES661
FOLEY747
FONTAN75
FORGO785
FRAYS698
GKT
GOPAK879
GRAME854
GREIN481
GUACO767
HABIT203
HANDS720
HOMS2083
HTML4906
HUGY9838
HUMAIDOSH
IGA
IZZ
JACJAC
JWF
K1LLER
KAZ
KEEN3674
KERNE789
KP123
KULAN679
KYLIX536
LADY0969
LAITH015
LARNS753
LARY
LAWER363
LAWN2929
LAX4LIFE
LAYUP764
LAZO3536
LEANY013
LEFTY775
LEKS0823
LENOS028
