LEPPY043
LEUD2121
LEZES519
LIGER296
LIGHTS
LIMAS882
LIMP7399
LINEN395
LITRE602
LOAST853
LOBE1492
LONEBLADE
MACAS
MACKS988
MADID738
MAGI1298
MALMY397
MANED182
MANG2041
MANUL857
MAP66000
MARLO32
MARLS449
MASAS522
MASH1517
MASHY528
MASU1647
MAWR1392
MEDLE347
MEED6553
MEFF5028
MEITH768
MELD3905
MEND2278
MENGS106
MEOU3353
METIS724
METRO341
MEUSE827
MIMER413
MINED907
MINGS403
MINTY472
MIR43259
MITER797
MNEME868
MOB123
MOBSTER9
MOCHY135
MODES376
MOGUL063
MONO0719
MOOKS383
MOOT9328
MOPEY896
MOTET410
MSC
MUDDY470
MUSTAFA
MUX
NADAS310
NCC
NEWIE
NITRE416
NODEBT
NUGGET
NURRS495
OLEGB
OLLI
OURS0446
PAPAS431
PARKA646
PAX
PELA5687
PENGULL
PIEMAN
PIRAI959
PLASH345
PMW
POAKA949
POLES238
POLKS824
POLTS182
POLYS128
POM62290
POPES200
POTT1011
POUKE623
PPM
PRAMS770
PRIDE385
PRILL080
PRILL603
PRIMO129
PRIMO139
PRINK874
PRISS154
PRORE588
PRYS4473
PRYSE687
PUHA8001
PURIS656
PURSE554
PURSE678
PUTA
PVA
PYES8790
QQA
QUERN737
QUIM2747
RABBI163
RABBI233
RACON446
RADS7120
RAFT5955
RAFT6851
RAGGS781
RAHS3351
RAHS3791
RAINE56
RAISE669
RAITS297
RAKUS466
RAMIE173
RAMIE696
RAPED829
RASTASAN
RATAL966
RATER055
RATHE862
RATO2626
RAVES435
RAVIN099
RAYLE832
REAPS255
RECESS
REDID472
REDUX539
REMET836
REPLA175
REPO2681
REPO9197
REPPS134
RESTS204
RETIA777
RHUMB626
RIA48816
RILED983
RIMER108
RIMS4991
RINS1348
RISE4283
RISP5867
RNL
ROAD6304
ROADY958
ROARS682
ROBYA
ROCK1723
ROE90594
ROKE1801
ROM49225
ROMA4618
ROMEO549
RONDO
RONE9995
ROON7712
ROOSA667
ROUM7654
RUDY1964
RUNG8007
RUPIA378
RYLEE
RYMME511
S9
SAGES279
SAGO6853
SAIDS114
SAILORBOY
SAINS765
SAIRS318
SANDS070
SAPID755
SCARY907
SCENA627
SCHWAG
SCK
SCOPS415
SCOW0517
SCUNION
SDS
SEAMAN
SEDAN316
SEDER000
SEEM7322
SEEMS715
SEGO9192
SELLA028
SENDS492
SETA5170
SEWAN703
SHADS558
SHAKE904
SHALT432
SHAVOR
SHAW0477
SHAW5496
SHAY3683
SHERVINS
SHIRS197
SHOOTINGSTAR
SIDNEY
SIST2677
SKEIN594
SKIDMARKS
SKIED967
SLAIN771
SLAIN798
SLIM2
SLUSH797
SMELLY
SOUKS165
SOWND277
SPIM1420
SPRINT
SPRIT119
STACKS
STAIN340
STOIC901
STOW8736
STUMS886
SUDD9448
SWEAT377
SYN71747
SYSOP082
TACT6770
TAKES729
TAKHI787
TALAK907
TAMIN778
TANGA311
TANKY002
TANNA234
TANTER
TARDY527
TARES097
TASTY712
TASTY719
TATIE691
TAXUS122
TBD
TEED
TEEN0313
TEND1058
TENE5189
THRU7523
THUMB911
TIGER515
TIGHT
TIGON580
TIMED243
TIRED634
TITE3859
TMANWATERY
TOKAY941
TOLE9866
TONE9474
TONED881
TONKS762
TOPHI204
TOPIC178
TORAS544
TORE7729
TORSO925
TOSED502
TOSTI
TRANS361
TRETS730
TRIAC030
TRIN4789
TROAK182
TSADE495
TSKS2968
TUG47111
TUGBOAT
TUNS6631
TWEAK
TWO53231
TYGA
TYLER701
ULAMA256
ULES1547
UMPH4545
UNETH336
UNFED066
UNFIX073
UNLID881
UNWON756
URGER873
URUBU052
USQUE797
VALVE044
VIREO404
VITAE639
WAITS506
WAKF3692
WAKFS947
WANS5819
WARKS722
WAV
WEAVE805
WIELS338
WITAN482
WIZARD
WOMBS154
WOOL4755
WOOZY430
WOST3303
WOZ
WRAPS450
WRYLY516
WUBWUB
WULL9277
WWWWW
Y7
YAAR9061
ZONA2335
ACRON749
ADIOS364
BOTEL093
BPATH
C@T
C@TS
C@TT
CACTI777
CANG4902
CAPIZ206
CAPOMG
CARAT757
CARDS649
CARLE172
CARNS611
CARPI187
CAT08721
CB3
CBS10
CEDES874
CEIBA521
CENT0593
CENT6562
CEORL056
CERED805
CERNE613
CESTI668
CHAPT401
CHILE557
CIEL3719
CIGGY471
CIRCS349
CIRE4344
CIVE6391
CIVIL670
CIVIL793
CLANG331
CLAP6713
CLOOP810
CO2
COALY009
COARB544
COAX6097
COBIA276
CODA1892
CODEC188
CONMAN
COSEY862
COZE6543
CRAG3717
CRAWS817
CULLY312
CURD0278
CUSK2182
DARKS436
DATO5490
DATO9449
DAULT855
DEICE766
DEIGN094
DEKED742
DEKES084
DELFT337
DEMES479
DENSE809
DERMA237
DEVA0897
DICHT477
DIET5716
DIETS304
DIFS0020
DIKEY910
DIMP6656
DINAR718
DIOLS300
DIOTA842
DIRKE905
DIRT1330
DISAS787
DISCI777
DOAB6131
DOABS635
DOBS6186
DOPE9755
DOREE402
DUNGS428
DUNGY602
EELY5207
EGAL6968
ELOPE213
EX7
EYRIR981
FALL9641
FATAL162
FAY
FEATS721
FEJS
FETISH
FIELD
FINGER
FISHBOWN
FISHING
FLAP
FLAW1489
FLIP5569
FLIPPY
FLYER853
FLYTE
FMP
FORE0971
FOXBUTT
FRAUD553
FREIT283
FRIS4052
FRIT5081
FUNDY263
GABS5627
GAIR2302
GEED3983
GIGA5325
GIRSH385
GLOMS914
GLOP0790
GNARS102
GOALS885
GRIPT662
GRUME871
GT2
GUERN
GUFF4540
GURRY762
GUSH9387
GUSHY884
GYRAL002
HCAP
HIPPY053
HONKY068
HOPED114
HUBS1784
HYLAS676
ICEMAN09
INDUE223
INSET829
JAGER
JEBEL984
JEEL4437
JINK1667
JKING
JOEYS238
JOMO6211
JOUAL572
JUKE2213
JUPE6766
KADE9725
KEBAR960
KEECH794
KEEF9685
KELEP903
KEN51811
KENTE703
KEPI0950
KHATS890
KHETH902
KID08931
KIDDO169
KILD8918
KILLERKELLY
KIMBO255
KL4RK
KNAS
KNEAD636
KOLAS620
KONS0106
KORAT732
KRENG201
L0L
LAPEL678
LAPONE
LARGE144
LCWM
LEAN
LEANY805
LEFTYJOE
LEGOMAN
LEGS7027
LENOS462
LENT0538
LEPID850
LETUP259
LICHI174
LINS9747
LOURY727
LY
LYC
MAIKO
MAIKO424
MALAX072
MALVA221
MANS1643
MASSY452
MAVERICKS
MAXI
MERLE745
MEZZE691
MILKY918
MIMES637
MIRTH590
MISS5609
MITCH630
MOKOS491
NAAN6960
NAILS502
NCSSUCKS
NEAR6760
NEAT
NEBEL545
NOBS
NOILY282
NONG9474
NOOKY744
NUMBS336
NURS1240
OKES4804
OPEN5824
ORGIA512
ORZO9443
PAPPI825
PARR2614
PASTY369
PAYOR102
PEERS020
PII
PILCH361
POPPY
PORNS000
POUR7941
PROUD644
PTR
PUSSYLICK
QWERTYUIOP
REDRUM05
REDSKULL
RHEME673
ROUXDOG
RUPIA134
SAVVY
SAVY
SFF
SHIED335
SHOCKS
SHOED229
SHOJI551
SHOLA997
SHOWER
SHUGGIE
SHUTE160
SIC18746
SIKAS237
SILL7902
SIRIS882
SIROC770
SKAIL522
SKAK
SKINS
SKITE145
SKYRIMZ
SLIDE109
SLOVE578
SLUBS889
SML
SMOKO707
SNOBS755
SOAPS408
SOBERFISH
SOFAR414
SOME4610
SOOKIE
SOSS9652
SOUPY329
SPACE_CHIMP
SPANK646
SPAT0070
SPAT2952
SPIE6918
SPITFIRE
SPRED659
STEF
STERN986
STIES598
STW
STY97216
STYLO162
STYRE567
SURD0662
SWEETUMS
SWEY2216
SWIM3643
SWOB1253
SWOB5253
SWOBS226
SWONE294
SWOT4868
SYBO0737
SYKO
T9
TAHRS312
TAKE1
TAME3232
TARDO892
TAZMAN
TBONE
TCO
TDH
TEACH367
TEFS9996
TEPA
TEW
TGUNZ
THEPINCH
THERAPTOR
THESLAYER
TINK
TIO
TIPSY875
TOF
TOOTSIE
TOPI0973
TOPP
TORUS217
TOUSE185
TOWED875
TOWNS476
TOWZY809
TRACE381
TREAT699
TRIOL290
TROLLFACE
TROLOL
TRYER770
TUBA9535
TUF
TULLE657
TUNAS739
TUPIK880
TW@
TWAY8655
TWEED966
TYING223
TYPES613
TYT
U6U
UHLAN825
ULEX8018
UNCI8664
UREAL187
VAGUS121
VAIL8921
VARDY523
VARNA302
VAUT0802
VAX
VEEP4907
VENEY307
VERD7115
VEXIL499
VIE06710
VIEWY245
VIGAS570
VINY3939
VINY6055
VOCES015
VROT2392
W00D
WADTS358
WALNUT
WANS8404
WARBOSS
WARE
WARIO
WARM
WATP
WAULK813
WEAN3071
WEARY023
WECHT603
WEMBS986
WEXE6790
WGLIFE
WHATS124
WHELP715
WIDTH741
WIGZ
WORTH141
WOT78124
WRECKED
WRUNG125
WYTED915
XENIC146
XEPHYR
XEROX738
YAWNY143
YCLAD161
YIPS7650
YOGIN145
YUKED061
YWIS3643
ZAX08438
ZOIC4150
3B
AIDES859
AYAHS433
BAITS017
BEGET333
BHUT3975
BLAM9117
BODS9838
BUYS7250
CADET738
CADRE849
CAIDS947
CALK8943
CALP4982
CAMAS250
CANER331
CATTY948
CAUMS952
CHALK611
CHANG611
CHATS004
CHAYS507
CHEEP991
CHESS437
CHI13075
CHIAO480
CHIAS744
CHIB6296
CHIEF883
CHIEL578
CHINO921
CHOIR068
CHOKY884
CHONS441
CHRIS546
COFFS781
COLE12
COOL1
COOMB358
COW22311
D59
DAPS9405
DATAL779
DDALT
DEMOLISHER
DOAT1553
DRILL506
DRILY637
DSOBO530
DUKES934
DUMPS143
DWELL596
EAST4213
FAK
FATSALAD
FISTS727
FOCKIS
FONLY509
FRISK842
FRIT5828
FRUIT823
FUFF2401
FUGIO694
G2
GAMED260
GANGS290
GAPER071
GARS7597
GEBUR911
GEDS4577
GELLY763
GERMY217
GERT9339
GETS2563
GIBS9664
GILA1705
GINKS115
GIPPY155
GIRIS382
GIRLY733
GIT85403
GIYX
GLAMS561
GLOM9319
GOAT1368
GRUMP595
GRUNT928
GUCK8966
GUCKY659
GUMMY980
GYAL4208
GYMP2962
GYPPY734
HAARS153
HADJ3268
HATER494
HAZES052
HEAD9221
HECH6643
HEIDS388
HEMPY902
HEREM497
HERTZ090
HEWN9437
HIKER377
HILT5714
HIZEN376
IRIS7878
ITCH4496
IVIES971
JEU51999
JOCKS807
JODEL813
JOGS6825
JOHNLOCK
JOLLS977
JOLTY574
JORAM933
KAES2281
KAG
KAP
KAYESH
KBD
KEANO
KEEL
KEMP
KIKOI239
KILLALL
KOND1223
KOND7626
KWEJK
LABDA940
LADE3788
LERES190
LEUD6311
LEVE3034
LIB89576
LICKLICK
LIFER049
LIMAN308
LIMAX455
LIMBI421
LIMBY533
LIMN5495
LINGO817
LINK12
LINS7401
LIPO5770
LIPPY929
LITHO849
LITS6907
LOACH771
LOAST852
LOAVE714
LOCK0480
LODGE445
LOFTS457
LOGAN455
LOGO
LOMAS121
LOMPIS
LONESTAR22
LOTH2380
LOUIS
LOUSY246
LOVE4549
LOWAN071
LOWED753
LOWP9091
LOZEN467
LSMITH
LUCE7255
LUCKS783
LUCYFORD
LUGER
LUKE1
LUKESTURR
LUL
LUNCH
LUNES207
LUNY4671
LURCHER
LUSH3865
LUSK7555
LUXES215
LXMASTER
LYCH3720
LYRE3095
LYTTA486
MAIDS429
MAKI
MALTS451
MAMAJ
MATED335
MEASE832
MEK
MEOWS392
MERLOT
MESAL668
MICE
MICKS731
MILKY206
MILOR581
MINES469
MINGY247
MK1
MOB25
MOB666
MOVIE323
MOYA2386
MUF
MUIRS059
MVV
MWC
NAK
NDOG
NEETOS
NES
NEVERLAND
NI6R
NINEE
NOSHLING
NOTED388
NOU
NOVA7438
NUKER
NVS
ODAH5218
OEIL
OHS72829
OLAF
OLDER662
OMW
ONERS497
OOOOOO
OPTIMUS
OSAMA
OVENS175
OVOLO258
OWNE
OWNEDHOOD
OZZIE
PADDO
PARACORD
PARAMEDIC
PATER388
PAWNS746
PAYASO
PEG47083
PEGS7777
PENCE110
PENGUINS
PEPO
PERCH439
PERDY484
PERKS036
PESOS743
PETIT562
PEYTON18
PHATMAN
PHP
PICKY793
PILAW127
PILE
PILI2534
PILL2350
PIM
PIMP513
PIONS301
PIXEL
PLICA533
PMR
POLER176
POMPEY
PON
POND
PONDS168
PONEY524
PONGS786
PORSCHE
PPS
PRESTO
PRIED036
PRINT
PROF
PSYCH264
PSYCHED
PUNA5610
PUNTY375
PURPLEPICKLE
PUTID632
PYRES970
QUAKE699
QWQW
RAJAS671
RALPH
RAN32147
RAZE5974
RBF
REIKS280
REIST704
REKE6046
RENTE395
REOIL836
REWET850
RG1
RHOMB240
RHUMB479
RIA22690
RIBBIT
RICE9253
RICED098
RICED866
RIDES346
RIGID535
RIND0883
RINES400
RITES184
ROANS037
ROBLOX
RODES242
ROMAN529
RORES763
ROSIN397
ROSIN926
ROUPY726
RUBE0080
RUDE
RUDES962
RUK
RUMLY258
RUMMY808
RUNCH627
RURPS103
RUSK8229
SACK9616
SAG
SAG20728
SAGO8244
SAK
SAMFU402
SANK
SARDS951
SAUT9636
SCAN
SCROTUM
SCUT0608
SEARE944
SEELS697
SENTI807
SENVY213
SEPTA533
SHAFT664
SHALOM
SHALY776
SHEND166
SHIP3098
SHOOL015
SHORT062
SHRUB891
SHUCK612
SIDA9926
SIDER005
SIKE1470
SILK9291
SILL3504
SILL5585
SINK6412
SISSY999
SIST5005
SKINK719
SLADE697
SLAGS195
SLAMMER
SLANG026
SLATE861
SLATY905
SLUSH984
SMALL636
SMEE5423
SMILE345
SMOKED
SNL
SNODS616
SNOEK757
SNOOK285
SNOOK302
SNOW98
SOARS713
SOGGY475
SOILY259
SOK
SORGO124
SOUMS896
SOUSE732
SOWED352
SOWP1757
SOWTH946
SPA79520
SPARTAN96
SPATS242
SPAUL905
SPECK289
SPEK0667
SPENT
SPINK946
SPLAY367
SPOOF369
SPOOR631
SPUME601
SQUAT825
SRB
SRS
STARE619
STENS303
STERE843
STET9966
STIR2976
STIR7228
STONERS
STONEY
STOPKONY
STORMS
STOUP122
STOWS868
STUN8002
SUCKY
SUGAR533
SUKHS926
SUNN8350
SUS
SWARE717
SWEET324
SWIRE227
TABIS043
TAFFY
TALON419
TARNS276
TAROT511
TASTY
TEAS
TERFE019
TEUCH549
TGC
THOLI519
THUDS092
TIDAL718
TIKA7402
TIRED024
TMM
TOGAE965
TOOL1732
TOTAL464
TOUGH286
TOWZE034
TOYON652
TRACE029
TRADE011
TRAPT088
TREIF382
TROPE991
TUSHY553
TUSKY487
TWIT3795
TYKE
TYRE3277
TYRES433
TZAR7660
UFC1
UK74
UNMET142
UPRUN806
UTA26042
VEHME144
VEXED624
VIA70047
VIBEX560
VIDOS
VIED7611
VIEW7830
VIMS1056
VINEW090
VIRGA502
VIRGE500
VITTA015
VODUN738
VOLTRON
VTK
W1
WAD61375
WAIDE591
WAKED863
WAKEN592
WARE5350
WATS0478
WAUL1184
WAXY
WEELS669
WEER3021
WETLY972
WHEDON
WHEN6349
WHIO4462
WHISS170
WHOLE963
WHOOP454
WHORL747
WICK2950
WIGGEN
WILLOUGHBY
WINN8983
WIPES743
WISCONSIN
WISS4860
WIVES699
WOG41576
WOODY964
WOOED182
WOOLY168
WORN0894
WORT4718
WOUND581
WRATH678
WROTE853
WYLE7096
YAGS5801
YEANS506
YEGGS787
YILLS593
YODLE144
YOMP9408
YONIC412
YOOPS486
ZAMIA295
ZAPS4488
ZARFS212
ZAX81325
ZEES8407
ZOOM1143
ZZTOP
007BOND007
175
ABIDE091
ABUTS568
AMRIT293
BACHS849
BADLY087
BANE4979
BEGAT420
BNP
BRAST448
BRAY3910
CAMIS145
CERIA000
CHASE201
CHIRM953
CHOTT431
CHOU0293
CIGS1113
CLACH988
CLAPT270
DAFFY085
DAHL3354
DAN11992
DARES595
DARN5591
DCN
DFS
DONA3406
DOORS880
DRUB2601
EDH12471
FAGS6106
FAINS857
FEN
FENCE933
FET
FICTION
FIREMOB
FLOCS871
FLOW3056
FOX08122
FRIZZ
FVV
G9
GADDI523
GARE5855
GARRE938
GAUJE291
GAWP9796
GIP52694
GNAWS742
GOAF9487
GOAFS333
GODLY641
GODSO184
GOER5306
GOOD0859
GOOKY410
GOOLY663
GOON5982
GOPIK970
GORAL583
GOURD623
GOWK1997
GOWKS967
GRAIL768
GRAPH193
GRAV1914
GREGO025
GREYS866
GRID3784
GRIFF108
GRILL616
GRIPY733
GRIST258
GRITH545
GRITH991
GRITS611
GROW3297
GRUBS337
GRYDE589
H1
HESP7319
HIKER
HILUS530
HIVS
HUGY5638
JKD1
JOWAR682
JUNGLE
KAIFS984
KAPA7740
KAYLE680
LAHAR349
LANK0481
LATH5126
LAUAN240
LID03351
LIKEN470
LIMBI181
LIX
MAFU
MAGICTACO
MAGOT673
MAHOE377
MAKO9553
MALES541
MALK
MALMY468
MALMY846
MALS1650
MAM
MANHAMMER
MARINEZLOW
MARLS981
MARRY917
MARSH295
MASHINO
MASKEDGOD
MATCH894
MATE3836
MATM
MATTS
MAVIN017
MAXED200
MAYED967
MEARE314
MEARE685
MEAT0784
MEDAL571
MEEK
MEERS270
MEFF3839
MEINY951
MELT1004
MERCS526
MESAS235
MGP
MIMER469
MONKS435
MOOED180
MOOK1462
MOOL3489
MOOT1900
MOPE5527
MORNE332
MOVES039
MUFTI997
MUSER392
N!NJA
NINJA1000
PEAKY226
PEAVY763
PECKS494
PFLIT
PHILLYPHAN
PIPO
POKY6440
PRIVY959
PRUNE277
PRUTA580
PUCE0781
PUNCH011
PURR2589
PUSS4813
PUTON511
QJ
QUAG0166
QUI
QUICH811
QV
QWER111
RACER1X
RACERX
REDCOATS
REVET539
RIF11845
RINES396
RISEN
ROAN6629
RONALD
ROWED216
ROWED340
RUKHS161
RUNZA326
RUSK9322
RUSKS231
RVCA
SAGE
SAGG
SAICS028
SALT6620
SANDY
SAUNA969
SAVO
SAVVY862
SAYON711
SBE
SCALE723
SCANS842
SCAR6094
SCARECROW
SCUGS914
SECT0263
SENTE541
SETTS656
SEWED089
SEWER224
SH4DOW
SHAVE830
SHIRR375
SHOAL545
SHORE562
SHUGGIEOTIS
SIBS9289
SKEN1265
SKP
SLAKE001
SLAMMA
SLATE194
SLIPE613
SLITS863
SLUBS732
SMOKER
SMOOR214
SMUT5979
SODIC500
SOFRESH
SPICS840
SPREE149
STEED918
STIFF731
STLU
STRIPE
STUGATS
SUAVE911
SURES815
SWAP7895
SWIGS034
TAKECARE
TAKES472
TALI7221
TAMS7516
TANA6520
TANGO042
TANH7682
TAP94587
TART2746
TAUPE619
TBIRD412
TBONE46
TDK
TEAM4388
TEAS4809
TEAT9218
TEFFS036
TEIL2095
TEMPI585
TEMSE613
TERN9012
TETS1138
TEXT2855
TEXT5928
THAIM084
THEBIGDON
THECOON
THEE9442
THELEO
THEWY238
THIEF275
THRAE569
TINES282
TITLE529
TOFU5555
TOGUE125
TOKE5617
TOLA1830
TOMBS986
TOMMY435
TONGA512
TORES119
TORES616
TORIC412
TORO7328
TORTE482
TOTE7457
TOZED547
TRAM7691
TRETS184
TREWS507
TREWS749
TRIES061
TRIFF058
TRINS628
TUTU
TWEET909
TYE92396
TYEE2537
TYEES174
TYROS734
UFM
ULES9474
UMB
UVEAS070
VINAL491
VINTS236
WAGS1416
WAGS4152
WAIL1049
WAITE435
WAITE732
WAKF4396
WALD6935
WALLACE17
WALLS124
WANE6531
WANLY454
WARDS116
WARN0924
WAZIR776
WEAK6997
WEALD888
WED86159
WEDGY531
WEELS007
WEEMS238
WEIDS495
WEISE867
WENNY055
WEPT8792
WEST8400
WHA61605
WHALE194
WHAUP105
WHEY6915
WHIM9824
WHISK789
WHIZ8661
WHOLE547
WIVER358
WOOSH154
YOUKS443
ZEDS2891
ZIGS3018
ADDCHEESE
ADELE
AGUED526
ALFA3004
AROID847
BODGE460
BRAE3274
CABA4588
CAVEL932
CLOAM970
COWP7848
CTC
DAWN2160
DEATHEATER
DISS2019
DOUAR664
DRIBS274
DUSTD
EIGNE826
ENEW6167
ENEWS184
FARES726
FLYGTI
FONS3865
FUBA
FYRDS226
GADGET
GHAST
GICA
GLOOMY
GNARR055
GRANA015
GREIN194
GREWS873
GRS
GTY
GULLY561
GUMMY
GUTTA
HAJIS002
HAX
HDH
HELIX
HELLOKITTY
HELPS628
HERC
HIC
HOBO2545
JESUSFREAK
JHUMMS
JIK
JINX
JIT
JJJJJ
JOCK
JOGA
JOIN2MECLAN
KARST235
KLANG721
KOA
KOFFS279
KOL101
LAIKS071
LASES417
LEA83049
LEBRUN
LIAS9648
LIGGE679
LIMAS312
LITES925
LLH
LOVE1421
LUSTY841
MAJORFAIL
MANLY864
MDXX
MENSA042
MESNE228
METH1736
METH5370
MEUS3492
MEZZE484
MICKS827
MIGS6611
MILCH972
MIMER639
MINAE294
MINT6697
MINT8278
MINX6080
MIREX863
MIRK6876
MIRLY750
MITT5581
MODEM228
MODES715
MOKO3126
MOLAR936
MOLLA143
MONG0510
MONIE197
NADS3179
NEATH136
NEEPS663
NEWIE266
NEWIE464
NOOP1100
NOSED120
NOUS4313
NOWN6253
OINK2230
OINK5289
OKRA3378
OLENT671
OLES0448
OLEUM694
OLIVE432
OLOGY415
ONCE5301
ONIE3124
OPAL4852
PANDADDY
PETRE131
PEW23739
PFUI6769
PINKO198
PLACE844
PLAGE122
PLAGE253
PLAPS468
PLATY965
PLAYA
PLAYS297
PLEAS439
PLONK856
PLOYS508
PLUM4678
PLUMS703
POAKE105
POEMS028
POGY2112
POH60711
POLKA925
POLLY481
POLOS417
PREY2204
PSYCH439
PUMPS718
PURTY803
QEE
QG
QL
QN
QUELL934
QUIFF980
QUIM0678
QUIN7683
QUINT154
RAIAS661
RASPS139
RAYS7046
RENTE934
RETE1546
RILEY807
RMI
ROBUSTO
ROIST589
ROSES914
ROTE6468
ROUTS770
ROWER459
RUCS0149
RUNES739
SADES027
SADES124
SAE19403
SAG58216
SAGES784
SALAD068
SALAD832
SALT9858
SALTO270
SARAN194
SARKY388
SARUS195
SAUL4674
SAVE0838
SCAWS369
SCOOTER1
SCUP1959
SHALT116
SHAN8561
SHARP911
SHREW205
SHREW486
SIBYL748
SIDAS874
SIDER729
SIEGE413
SINGS163
SIS83644
SITE5004
SLOAN308
SLOSH162
SLOYD381
SMALL919
SMOKE14
SNIFF348
SNOBS843
SOBA2808
SOFA5166
SOGER041
SOKOL335
SOOTY928
SOPRA139
SORA3848
SOSO
SOSOSO
SOWNE945
SPAMS863
SPARD203
SPARK747
SPEWY065
SPX
SPY24797
STAB
STAGS296
STATS276
STEER699
STEER735
STEND724
STILB532
STIRS979
STOAI323
STONY606
STRAWBERRY
STREP532
STUB6178
SUDS5869
SUEDE263
SURLY781
SURLY841
SWISTAK
SYC
SYED7009
SYMAR727
SYNDICATE
SYPED410
TABIS605
TABU0760
TACET435
TAKAS213
TALAS993
TAWER920
TAXED653
TBONE445
TEIND108
TERTS442
TETS7830
TEUGH420
THEGRIFFIN
THEW2995
THEWAFFLE
THEZED
THE_MAYOR
THFC
THIS3263
THISISSAM
THONG337
THRASH
THUY
TIFF
TIMELORD
TODAY057
TOITS000
TOLA5174
TOLD7801
TOLL3869
TONK5046
TOOLS853
TOPES069
TOPHE273
TOPHS934
TOQUE695
TORTE461
TOST8231
TOUZE732
TOWED339
TOWZY283
TOXICTB
TOXIN591
TOYO6174
TRAMS537
TRIPY691
TROP7432
TROPE466
TRUE4537
TRUEBLOOD
TRYP5564
TSAR
TTG1
TUGS6903
TUNECHI
TUNG5516
TUNNY404
TURR
TURRR
TWIN
TWITCH
TWITTER
TWIZTID
TYPER
TYPO6839
TYRAN266
TYY
UAE
UD
UG
UKO
UMM
URP44153
VAUS0324
VBALL
VIG03677
WADGE451
WAFER241
WHIRL469
YEALM553
YIRR9990
YITES192
YOBS8568
ZOMBI420
1SQ
ABAS1813
ABCDEFGHI
AHEAD992
ANAN8651
ASTER533
BAHUT383
BAJU1934
BALKY847
BAP31940
BARN7060
BATHE733
BEDS7306
BENDY347
BERRY589
BESEE000
BESEE058
BETH5864
BISK4213
BONNE872
BOOK4974
BRENS203
BURSE161
CANON510
CARK4108
CNIDA697
CROW7100
CRUD5360
CRUOR101
CUBED206
CUFF1591
CULM2759
CULMS123
CURIO168
CURIO303
CUTIE242
CYCAD796
DACE0530
DAPIG
DOLLY019
DOUP0130
DRAWN706
DRAWN850
DREES235
DRENT520
DRIP1400
DROLE339
DRONE535
DROWN459
DRUB5262
DRYAD296
DUNKS187
DUSKS059
EARDS848
EARED553
EARN7016
EAST8514
EAUS2497
EAVES888
EDGER643
EDGES130
EEVEN102
EPEES110
EQUID961
EVET6238
EXECS559
FARSE770
FLORY579
FLUBS212
FLUBS596
FLUMP063
FLUTY827
FOALS339
FOLIE406
FRACT388
FRIGS363
FUBU
FUGUS037
FUMP
FUSE
FUST3613
GAM
GAR85947
GATO
GAZE
GENGHIS
GHOSTFACE
GINGERKID
GIRSH925
GJD
GLITCH
GMEN
GNT
GODFIRE
GOLDFISH
GOLPE339
GPMG
GRAFFITI
GVD
HAAS
HAIK0802
HED
HEE
HEED9561
HIPHOP
HIVE6048
HOC
HOCKEY
HOLDS303
HOODS
HULK8930
HUNNY
HYLIC285
HYRULE
ICECREAM
ICIER030
ICKYBOO
IDEM6865
IDGAF
IIIII
ILEAL785
ILIA1572
ILLS5479
IMAGO689
IMBUE858
IMIDS515
INARM039
INFECTED
IRONTIGER
ITT
JDRZ
JENN
JENNY
KARAS247
LEET1337
LINNS067
LUDO1005
LVLNOOB00
LYRICAL123
MAILL593
MEOUS075
MEYNT406
MONTE134
MUFC19
MULSH968
N-MAN78
NARIC123
NARKY739
NEED$
NORMA394
NOUT1462
NUTSY946
NYALA356
OCCY1808
OGG
OUT25005
OYER6514
OYES8539
PEC17175
PICK
PIZZA772
PLAN9490
PLL
PORNY015
PRESE024
PROOF828
PURR2588
RAGGS378
REDD5167
REPOS616
RERIG541
RICKYNICKY
RIG92348
ROB24726
ROBERTO
ROBES231
ROLAG077
ROMAL211
ROSAC
SENGI479
SHUGS
SIMI6339
SISS
SKIP4959
SLOWS681
SMOKE37604
SOG007
SOP95035
SR71
STW45
SWAD9923
TKK
TOKES805
TOUNS394
TRAIT531
TUNAS012
TYER0266
TYPED936
ULTM
VMR
VOWEL384
YAWN0389
1W
ADDY9380
ALOW8622
BEAKY092
CHAPSTER
CLECK818
DOITS424
DRAYS883
DUBS5763
DUNES424
EGAL7907
EGGS2414
EILDS596
ELDIN473
ELDIN717
ELMY6702
ELMY7350
EMBOG750
EMMER234
EMMEW680
ENG09646
ENOWS641
ENTER378
EORL6166
EOSIN103
EPHOD617
ERBIA062
EUPAD594
EXPAT638
EXPOS230
EXPOS252
EYEN4569
EYES4735
FAIRY
FAN79525
FEE28214
FEEN3359
FEESE313
FEH91555
FEHS5722
FEM12309
FENNY483
FERAL527
FERNS370
FETES094
FETWA537
FEUDS605
FICHE168
FIEND805
FIFTY
FILES161
FIRER021
FJELD913
FLAG1016
FLAK6562
FLASH120
FLAY6332
FLEG4444
FLIRS030
FLISK488
FLOCK067
FOAM1459
FOE35730
FOLD2084
FORBY874
FOX55664
FOY88490
FUNKY861
G1B
GAE91652
GAFFS863
GALAH651
GALOP403
GAMB1310
GAMBE733
GAMIN779
GAMMY626
GANEF342
GAOL3822
GAPED058
GOATZ
GOODY787
GYPPO998
HAF
HARMS594
HATE7640
HAYED493
HEI
HEVEA449
HEXED589
HINTS394
HIRED741
HITS1653
HIYA9702
HOBOS590
HOCKS278
HOKEY085
HOLES005
HOUSE988
HOY
HTML2924
HTTP
HULL4311
ISOS5783
JOHNCASEY
MALLITURF
MODUS208
NAIK3680
NAKER338
NALLA914
NANE9139
NERAL446
NEUMS760
NIB54199
NIFFS540
NITRE702
NOMAS245
NOONS068
NOUN2349
NOVAS491
NOVAS893
NUFF9282
NYES5294
OILS3611
OPERA396
ORYX7333
PACO8546
PALLA386
PALM6367
PAOLI448
PAP23367
PARTY629
PEARS066
PEECE721
PEEK4320
PELLS838
PEON1474
PERTS381
PESOS607
PEYSE003
PHASE946
PHIZ8833
PHOS2146
PHYLA197
PIER7496
PIGMY141
PILA1888
PINTA860
PIONS520
PIX93351
PIXIE072
PLAIN843
PLANK438
PLASM360
PLOW5416
PLUE5013
PLUNK294
POAKE145
PODEX210
PONGA081
POORI961
PORGY279
POTTO513
PURR
PURSE589
PYROPETER
QUIRT034
R22
RAG42211
RAGGY490
RANGERS
RATED169
RAW83492
RAWER177
REHINE
RELISH
RENZO
RIGG2250
RIZAS939
ROCKETS
ROCO
ROLFS628
RONOKXY
ROOTBEER
ROOTY
ROXY
RQ
RSJR
RUBY1625
RUFFE670
RUNED325
RUNZA255
RUSK3424
RYOTS965
RYPE2265
RYPE2977
SABIN974
SAE61496
SAGPHOENIX
SAMA7463
SARD4286
SCARF472
SCRY9544
SCUR6782
SEAN2827
SEEMS751
SEISE518
SETA1028
SEWIN076
SEX51261
SEXADDICT
SHAN5503
SHOD5396
SHOON525
SHRUG732
SHUL5978
SHUNT683
SHUTS932
SIDED906
SIEUR628
SIGLA828
SILD2333
SILE2366
SILEN311
SILLY381
SILT5371
SINCE387
SLEDS535
SLINK144
SNAGS697
SNAPS
SNIPER7
SOAPY
SOCS4968
SOG
SOJ
SOLVE922
SON04519
SOON1600
SORTA656
SOS11232
SOSS3648
SOULCRUSHER
SOUTH205
SOUTHPARK
SPARD133
SPART
SPAZA325
SPEKS883
SPENCER
SPIM4265
SPNK
SPORE651
SPUED519
SRT
STANK
STARTREK
STEL
STICKEHM
STING244
STITCHES
STOUP191
STULM786
STUMM546
STUN5604
STYRE970
SUCKS471
SUERS681
SULU3399
SUMY7865
SURES334
SURFS338
SUSES255
SWALE631
SWAPT803
SWASH129
SWAT2789
SWILL171
SWIMS748
SWINE
SWOON164
SWORE164
SYMAR496
SYNCS191
SYPH3249
TAB93864
TAITS035
TAJES636
TAPE8139
TAPIR837
TARSI360
TARTS171
TASS4793
TATH2824
TAUPE446
TAVS2259
TAWTS915
TAXER653
TAYRA399
TAYTER
TAZG02
TEDDY935
TEELS265
TEGG4718
TENGA635
TEPID199
TERM5448
TETS8719
TEXAS658
TEXTS624
TH0R0
THACK194
THAN5483
THAN9186
THARM124
THARS363
THIGH824
THYMI219
TIKAS227
TINKS830
TIRO5917
TOAD7085
TOBY
TOCK5576
TOCK5658
TOCKS508
TOCOS915
TOD82347
TOG86504
TOILET
TOK
TOKED742
TOKED872
TOLAR600
TOLAS122
TOLTS340
TOM73373
TOMD
TOMKO
TOOR
TOOT0606
TOPLESS
TORK
TORM
TORN9222
TOST
TOTTI
TRAVIS
TROJAN
TRS
TRUCKER
TRUMPETHERO
TTY
TUFFS127
TUNS9562
TURME058
TURME767
TURPS664
TUYER903
TWAIN099
TWIGS240
TYDE2619
TYIN6542
TYIN8855
TYNE3762
UNDID872
UNSAY557
UNSOD630
UREA7942
URSA6581
URSID765
USING439
VAGUE824
VARE2994
VETS3770
VOWEL575
WAGS8383
WALD5783
WHIT0021
WIMPY147
YOUSE489
YUFT0051
APSO8827
AXIOM224
AYAH8418
BIB72593
BIBLE535
BIGOS322
BILBO669
BING0990
BOFFO285
BOKE1707
BOYD
BRAWS929
BREVDUVA
BREWS999
BRUSH202
BUDDY030
BUGLE620
BUHL7753
BUKES990
BULK6862
BULLA271
BUNCE670
BUNCH617
BUTLE125
CHIAS652
CODER907
COLOG081
COLY4545
COMPO880
CONED865
CONTO563
COOER594
COOKS567
COOKY535
COOLS458
COPER437
COPSE526
CORE6357
COS75688
COSTS578
COULD659
COURD736
COWS7836
COXA8778
COZEN555
CRABS786
CRAFT188
CRAFT484
CRASH568
CREAK902
CREPE070
CROME652
CROPS494
CROW4726
CYANO087
DELES750
DIXIE
DOHS3053
DONAS052
DOOLS568
DOOR3494
DORT3471
DOTS2829
DOW20633
DOWD9533
DOXIE107
FAIRS910
FALAJ740
FANGS284
FANGS285
FARTS088
FAS33711
FATAL363
FAUT1720
FAYNE868
FAYS5089
FIDGE589
FIDS7377
FIERY378
FILTH770
FINAL703
FINKS609
FIQUE583
FISHY939
FISKS929
GREES403
HAJES111
HALES641
HALL9671
HAND1450
HARD8749
HAY69454
HEAP2078
HEAT7838
HEWED127
HEXAD255
HOKUM360
HOLDS966
HOLLY594
HOLTS075
HOMES931
HONAN606
HOPES328
HOPS8215
HOST2637
HOTLY922
HULLY706
HUNG2992
HURL9170
HYDRA723
HYING921
HYMNS548
HYMNS558
HYPER
HYPNA825
IMAGO867
J3
JABOT182
JACAL126
JACKD
JACKY131
JAGG7675
JAIL3899
JAK67
JAKE123
JAL
JAMBO239
JAMES573
JAMS9477
JARED
JARLS394
JARS0436
JASP3321
JAWED187
JAXS
JC24
JEATUS
JELLO
JOKERX4
JOWED165
JOWED909
JRG
JT21
JUGUM070
JUICE936
JUSTINS
JUTTY173
KAB81646
KAIAK824
KAIN5956
KAMES127
KANS8987
KANTS245
KAPOK269
KARRI209
KARTS869
KARTS879
KATS7089
KEBOB550
KEGS4059
KELIM552
KEMPS667
KESH8487
KHADI459
KIFS7345
KILD3393
KILLABS7774
KILT8362
KILTS121
KILTY814
KINDS136
KING4402
KINS1905
KISAN426
KISTS543
KLONG554
KLONG745
KLUTZ263
KNISH789
KOPPA902
KRIS4848
KROON802
KUFI1043
KYPE1360
LACKS047
LADY3546
LAIGH980
LAND5940
LARE7143
LARGE906
LASTS583
LAUGH368
LAVE8319
LAW773
LAXER256
LAYER470
LEA17934
LEAFS035
LEAK8375
LEAS2591
LEASE662
LEBEN143
LEDGE087
LEG33141
LEGER265
LEMES949
LEMES959
LENO0045
LUVV
MAFIA754
MAZES204
MEDS3078
MIME5698
MORAE730
MOSE1150
MOSTS101
MOTI2785
MOTI3801
MOTOR619
MOUE9020
MOURN648
MOVE8296
MOW65683
MOWAS984
MOWEN10
MOYLS642
MOZES402
MUCH8438
MUMMY304
MUNTU512
MUNTU628
MUONS223
MURKY200
MUSCA187
MUSKS418
MUSO4322
MUSTS042
MUSTY888
MUTER287
MUTER736
MUTS6531
MUXED899
MYRRH303
NABES669
NAG16229
NAGS3541
NARKY646
NASAL027
NATEBOB
NCC1701
NEATH577
NEG96509
NERAL070
NERTS245
NERVE046
NEVER747
NEVUS279
NIEF1699
NIFES747
NIM14145
NIPPY881
NITID139
NOB30167
NOBBY081
NOON5615
NOUL6259
NOYED330
NUDZH046
NURD7474
NURDS441
NUTTY029
OATEN023
OBELI568
OCCAM324
ODD29398
ODEA7938
ODES9165
OFFS1719
OGLED367
OHONE302
OIKS0700
OINK4718
ONION692
ONNED491
OOPED700
OOSE5471
OOZES885
OPENS801
ORA05945
ORA26720
ORGY7006
ORNIS112
OSMOL027
OSMOL828
OSSA8261
OTARY429
OTARY973
OUPA1945
OUTRE285
OUTS3321
OUZEL545
OVER9000
OXER8130
OXIMS003
OYEZ6375
PACO97
PACT9553
PAGED099
PAGER242
PAINT
PAISA594
PAKKA135
PALES870
PALES935
PALSY963
PAMS4630
PAN98028
PANGA508
PANIC806
PAPER713
PARRY573
PAS51036
PASES354
PATU5060
PAVAN580
PAVID594
PAVIN689
PAWKY475
PAWLS246
PEAK9005
PEAR9479
PECKE480
PEDRO124
PEERY596
PEKES545
PENAL099
PERDU351
PETAR647
PFFT1349
PHEW9787
PHLOX302
PIBAL825
PIC33902
PICK8485
PIETY837
PIKE5882
PIKE8344
PIKER806
PILA0236
PILUS588
PIMP1411
PINKY406
PINON383
PINS3534
PIOYE609
PIPPY794
PIPY4387
PISH0280
PISO6307
PLICA792
PLIM4740
PLINK365
PLOAT836
PLOT5258
PLOTS977
PN
POET8103
POGGE008
POGO2983
POIND232
POIS7465
POLAR723
POLL6779
POME1398
POMMY871
PONY6896
POOK7825
POOT5289
POPE7849
POSSE223
POWN8151
POYOU322
PRAAM879
PRAM4108
PRANK321
PRATY812
PRENT103
PRENT209
PREZ8832
PRICE089
PROAS234
PROAS720
PRONE838
PROO2470
PROVE049
PROYN797
PUBS5679
PUKA0214
PUKER385
PUMY6599
PURDA647
PYGAL639
PYIN6207
PYRO6856
PZAZZ679
QUIM4922
RABI7594
RADIO758
RAM95392
RANT5629
RATS5374
RATU2076
RAWNS363
RAWNS860
RAWNS869
RAX03877
RAZOR027
REAKS002
REAM8841
REAMS948
REAPS459
RECAP937
RECCY130
RECUT729
REDIP048
REDUX516
REEDS216
REEK0964
REEKS085
REEKY718
REEN5767
REEN5867
REEST501
REGES861
REGIE315
REINS212
REMET260
REMIX498
RENS4132
REPOS811
RESEE874
RESET841
RESIT168
RESOD853
RESOW780
RETAG286
RETIA880
REWED426
RHEME887
RHINOJ83
RIAS4498
RICE5359
RICH9366
RIFER668
RINS3204
RIVET024
RIVET161
ROADS572
ROCK4090
RODS7703
ROIL6233
ROILY531
ROIN1485
RONG5106
