ROOK0057
ROOTY256
ROPER209
RORIC151
RORIC246
RORTS507
ROTCH055
ROTE4128
ROVE5850
ROW1
ROYST552
RUBUS836
RUSTY376
S1S
SABIN215
SACK1504
SADHU529
SAFER371
SAGES178
SAGS1177
SAGUM275
SAIDS597
SAMBO367
SAMMYNHAM
SANGS706
SANTO712
SAPPER
SARGE464
SARGE802
SARIS977
SAU11157
SAUCE876
SAURY216
SAUTS192
SAVVY902
SAWER888
SAXES103
SC316
SCARS291
SCOG7519
SCOPE931
SCOTS289
SCOWL198
SCRAP718
SCREW933
SCRUM789
SCUTA185
SCUTA564
SEA39748
SEAZE460
SECCO485
SECH8409
SELD9124
SENVY691
SEPIA252
SERR2836
SETON788
SEWED284
SEXY1588
SEXYMOM
SHAHS504
SHAME037
SHARK294
SHEIK804
SHES5662
SHIP5962
SHOON343
SHOWY745
SHUTS434
SHUTS921
SIBS4798
SIDER508
SIELD104
SIFT1690
SIKES320
SILER506
SILLY505
SIREE785
SIROC727
SIXER098
SIZE0465
SKITE902
SKITS095
SKYR1366
SLATE283
SLEE3166
SLEWS254
SLISH118
SLUFF397
SLUNG800
SLUTS251
SMAIK682
SMALT653
SMART193
SMILY325
SMIT8250
SMITS292
SMOKO681
SMUGS898
SMUSH800
SNEED022
SNOBS613
SNOOL838
SNYES298
SPORE300
STRAD637
SUDS7986
SUSUS046
THACK881
TRAGI836
TRONE152
TUNAS151
TUNNY019
TURFY
TUSKS360
TWAY9852
TYPIC856
ULPAN192
VASTS161
VVB
YATRA807
YEAN5332
YEXED175
YOL0
ABBES942
BUBAL762
BUNKS662
CAIDS649
CLARO843
COOLGUY1
DALES936
FASTBACK
FOUR0260
GIBS0947
GONNA014
HAKIM919
HANDY789
HATER
HEMAN
HOLK
HON
HORDE564
JAILS652
JAT
KERO0130
KHIS4536
KIDGE093
KILL1
KINGKILL
KINGPINN
KITTIES
LAEVO310
M315
M99
MACON096
MATTT
MATTY69
MAU5
MEINS762
NABS6177
NEFS6025
NYES4985
ORGIC059
PAWAS638
PIRL5335
REBS2732
RONNY
RORY6790
RUNESCAPE
SAC40311
SCART654
SDB
SECTS581
SENKA
SIDHA064
SKART201
SKELF164
SKIDS992
SKY44928
SKY48851
SMAZE704
SOCK1017
SOHS8299
SOKE4920
SOOT9356
SPAKE352
SPEAT192
SPRY3495
STENO482
STERN587
STOMA672
STRIA701
STYMY345
SUINT409
SULU1953
SUMOS203
SUMP1158
SURDS958
SYTHE459
TACKS919
TAFFY822
TAINT196
TAISH574
TALE4504
TALUS649
TAMP8378
TANE1356
TANHS811
TEAD4265
TEAR1742
TEEMS431
TEER5876
TEGUA945
TELLS636
TELT9558
TERFE827
TERRS953
THELF008
THINS925
THIR0571
THOFT218
THOUS769
THROB492
THROB641
THUG4191
TIDS5539
TIDY7310
TIGS7946
TILL0314
TIS44851
TRU
TYKES189
TYP2
VIBES058
YEUKY877
YOW08397
ZA
211
3AAA
4G
ADDKINGPIN1
ARERE679
BALLS550
BIZES517
BLITZ085
BRAWN
BYWAY915
CHASM069
COKES509
CREWE035
ENOWS812
GOPIK587
GRADS977
HAVOC182
ICHOR425
JKD
JOIST342
KARAT050
KONY2012
LATINCHUCKY
LAZZO943
MOTUS412
MOXAS142
MYNAS812
NUDE7868
NULLS047
NYAFF182
ONCER700
PLYER141
POTIN271
QUINA063
SERFS140
SIETH780
SIXES267
SNATH870
SWIES435
TETRA
TOEY6319
TRAIK946
UREDO262
WOT52863
YABOY
ZED
ZEROS682
0121
ABCD
ANDY
ARIOT993
BALAS473
BEVEL732
BULBS044
EARL3520
FIARS635
FLORS902
GOES3561
HAFFS098
JINN1352
KECK5782
KITKAT99
KUTCH105
LANTS549
LOOF1242
LOSH0821
MEEK7003
MOPS7133
OFFS2551
PEDS9969
PIKER991
PILEI467
REPAY130
RINE3081
SCUDO131
SIROC049
SLUM3932
SNIG8182
SPANKS
SPAY3882
SUCK3803
SV
SWAGG
SXWR
TANS2812
TAPEN789
TATAR025
THEIR003
THUG4165
TOPIS755
TRIG
TWATFACE
UNTAX182
VEIN1847
VEINS560
VIEJOTE
VUMS3873
WHIPT914
YESK7103
199
208
209
AARGH631
ABBAS995
AWORK072
AXELS851
BAJEE775
BEANZ
BRAVI642
BRAZA629
C9
CAYS1631
DRUSY283
FOXED299
GOX46257
HEME3504
HUE33625
HUES7741
IVE
KACHA246
KADES721
LANDS630
LOUNS430
LOVE2748
MANGE081
MERKS837
MFQ
MIME
MORAE367
MSMOOTH
MUGG7612
ODS18997
ORSE
OUR80234
PACES868
PANE8661
PARKS281
PAS38957
PLUE3950
POAKE748
POOR2360
PROEM907
PROM6026
PUIR6613
PUPPY173
REBUS388
ROKER169
ROUES274
ROW47633
SAURY073
SETH12
SLUFF903
SOCMOM
STOMA726
SUDD6525
TOPIS955
UNSOD548
VAULT870
VEE31845
WAF
WEETS667
WIPES048
YEST1433
YILL4676
216
AAO
AMBLE364
AMI
BITO0454
BUFOS970
CAM32180
CEDER975
CETE4611
CILLS574
CODFATHER1
COED1735
CONK3379
CRAY5983
DICTS897
DIPT5999
DODGY194
DONA9173
DORMS803
DORP8494
DOZY2668
DREAM613
FAIX8529
FUSEE972
GADJE166
GLEE9715
HAUSE553
ILLTH305
IROKO850
JUROR777
LEAMS410
LEWY
LUSHY591
MOLS7330
MR5
NCC1701D
OKAS4820
OVALS139
PARDY392
PASHA144
PE1
PEASE938
PEEN0640
PEISE058
PLAYA276
PUBS3585
QUAIS756
RATA5793
ROTI1855
RUGAL254
SATED337
SEXT
SICKS164
SYCO
TEFFS588
USED4790
X6
YAP44816
YMF
ZERK7612
ZINE7653
207
217
ADAPT329
ADOBE991
AGAMI887
AGEN1847
AGGRO106
AGUE4189
AIDS6569
AKKAS008
ANISE234
ATOMY696
AUK55546
AYAHS570
BALED769
BOND007
BROOK087
BULGY390
CARRY297
CIVE0442
COXA1341
CRAZY650
CWM40634
DOSS7787
DOUM4845
EPACT582
EQUID779
FARTY
FOLEY652
FOVEA048
GAUS5280
HARDS072
HOLTS206
HOND4278
HOSEL163
HYLEG389
ILLY4573
JEHU1923
JEW71634
KOTOW406
KWELA914
LATS0865
LOTI6394
MAKI0366
MEADS432
MEDIA991
MEFF6334
MELTY814
MIGG9705
MILTY706
MOTES695
MOTZA343
MOWAS215
NAVY6117
NEELD437
NEELE880
NEWLY585
NULLA161
OOZED878
ORLON420
PABLUS
PEND0366
PYET5234
RADON156
RAIK4248
REBIT975
REEKS679
REVIE990
RIGG7972
ROTOS552
RUBLE444
SADS5040
SAMFU364
SHUG
SMOKINMEPOT
SNARK342
SNO
SPIED154
SUP22979
TARED716
TDX
TOPO2500
TUNAS758
UNCLE203
URUS0425
WAYS8350
YOMPS972
YOURS420
007JB
182
ACHES789
ADDED560
ANNA
BILE7450
BITSY180
BRUT2362
CAWKS204
CLANK929
DETHKLOK
DREED255
FENNY148
IMINO674
JERT
KINS2931
KY1
MALIS509
MEOU9936
PERCH163
PUNAS296
RUG98557
SAMEL058
SKIDS801
SLAKE139
SLAKE411
STILT885
SWEE0938
SYZO
TATUS436
THEMA014
TOCK4786
TOMT
TOPAZ197
TRIIPPZ
WORT5248
ZANZE348
ZEP02451
A2
ACAI2648
ADDED529
AFTER393
AMAHS542
AREDE534
ATTIC701
AXIL4698
BRAVA702
CARAT962
CHITS709
DEM
DROID992
EDGER838
ENG25402
EXURB060
FELLY816
GHYLL563
GOOPY296
K.I.A
LADLE633
LIDAR949
LOTUS716
PANSY748
POYOU843
RAIA9552
RIPER024
ROAST679
SCROW565
SESSA729
SHEWN118
SILTY726
SKILLET
SLADE755
SLEWS247
STOP9178
STORK139
STULL538
STYED165
STYTE853
SUIT6829
SUN41729
THORO154
TORSK614
TRULL308
WEID9991
WENNY659
WRATE359
ZBZ
ZYME3638
204
ALAY3000
AWEEL351
AWNY0021
BUNK2767
EQ
FLAXY189
FLOCK822
FOODS301
HANT1617
HOBBIT
INERM990
JUVES131
KAAL2886
LEGES827
LING8840
LOAFS011
LOXES593
MINGY261
MOUE5956
ORB58446
POCKY816
PONYMAN
POSER818
PSALM648
PUPU3249
PUTTY318
RAKIS418
RAVE1206
REAL2385
REOIL539
SAG85103
SCOGS752
SCOP2623
SHONUFF_1
SLAM8497
SLANG048
SMALL986
SOBA1775
STREW206
STUCKO
TABLE439
TAFIA159
TAPED598
TITSICLE
TOY96238
TRAY2779
TREY5532
UNLET378
UPO93787
USTA
WIZ54275
YODE0842
ZCZ
BEFOG847
BIDED875
CHAPT270
EMYDE046
FURTH850
GATTO
GIZMO313
HEMIC549
HUSK2948
KINDS224
KPB
LENTO949
LUMEN591
MAID4498
MUMMY974
NOTER519
OSMIC353
OVIST297
PELES807
PODAL748
POGOS713
PPPP
REF03998
RENTS064
RIM50785
SABIR898
SCOUP265
SENT0385
SIRE3935
STOPHER
SUSU9445
SWAGE819
TAULD006
ULAN2804
URD70796
VELDT453
VIES6490
VOLS2492
WOMBY549
YEDE7401
ATAP9903
BOTHY213
CANGS696
CARB4832
CAUP7168
EBBET602
FERIA295
FLEGS394
FOUR2367
FULL0292
FUNNY104
GORF
INTER252
KEENS385
MALIK517
MDO
MEES6455
MICKO
MOAB
MOUE8900
MUG36809
NICER435
OOH
PAPS5906
PEEK0765
PESO4217
PINK8520
PLATY287
PLOT0180
QUOP8752
RCK
REAN3178
RESTS031
RILE0264
ROPES150
SCEAT926
SEEK4060
SEER0196
SHENT174
SILER590
SIN94096
SMIR2448
SMOCK759
SOUKS052
SPAER520
STR
TATS4610
TOADS771
ULCER834
URGE8680
VEG49482
VICES146
VLEI7986
VULNS257
WAW22196
BLESS342
CAW51075
CLEG9444
CLOUDS
DAMP5159
DIRLS555
DOLS0159
DOPER178
DOUBT478
DRAGS683
ETAPE252
FAYED163
GOBOLTS
HARE4470
HAUDS027
HEDI
HIGH7528
HITHE498
HONKS124
HOP28222
IMR
JEFE8874
JOSS5166
LADED307
LAUDS481
LAUGH112
LIB03090
LOBI3536
LUCK8091
MACHINE
MANA2282
MANUL588
MARON335
NURLS431
OBOLI715
ODIC0726
OFFED416
OGLES222
OILED625
ONLAY135
ORPIN905
ORZOS429
PIZZA038
POMMY667
POWIN652
PROXY130
RABI4637
RAIS3844
S.I.N
SAX18656
SILLY
SIZY0018
SNOOPY
SONNE850
SORUS140
STYME199
SUDS9882
SWERF731
TELIC722
WAS34732
WILES325
XPLODE
ABLY5560
AIRNS588
APAGE984
AVER7646
AVIAN492
BIS31855
BPIG
BRODER
BUAT3959
CULEX067
CUPPY798
DARES225
FUZES567
GAUP2123
GRYPE104
HIT64975
KATTI971
QUICH521
ROOM7418
TALER339
TOEA6998
TRILL746
VAUT8529
VIM
WALLY131
BAWDS079
DCTALK
FARNAN
HAVE3707
JOTUN474
KEVIL946
KINDY282
KIRS7389
LURS0934
MILOS260
OHM59740
OULKS809
QUALM187
RES78123
SEAT0523
SNASH690
SNYES560
STRAY815
SWAG.REX
TECHNICIAN
UDO11191
UREA1140
VAUS9594
VISIT520
WRYLY336
69.9
BREI5936
BRERS739
BUBAS438
CHAI
CUFF8418
FLYPE558
FONS7738
HOWES944
ISBAS156
LOWTS861
MINGY800
QUEY1510
ROCH3336
STIPA624
TRIPN
TUBED997
AGERS771
BIOME183
COPSY615
DHAK0204
GUCKY651
GULLY647
HAND5062
LEDGY133
MATES592
MDI
MENED268
NUMEN248
POTES132
POTTO353
PUGGY700
ROGER432
SEAR1833
SUMPS838
TRIG1022
YHN
ACTA
ADDMEYO
AINS5474
BANGKOK
BUBBA164
CHAIN799
CIRRI605
CLIPT771
CUE86902
ERUGO251
ETATS698
EVOE8370
FINES052
FLEES962
FOOTS037
GAVEL181
GETAS485
GLAD
GLEIS410
GTFO
HAWK23
JANN1233
KAIMS322
KNOWE754
KORUN527
L3
MANIC618
MEJA
MIL72630
MULES807
MULTI
NAILS410
NAVE4756
NEEMS205
NEGS5650
PASE8515
RARES321
SEELS988
TAXER138
TENNE433
TXR
USQUE933
WAFF4850
WEIR5333
WHELK671
WHOOP
WHUMP092
WOCK7885
YUMPS721
ALS81724
ARBOR889
ARMED162
AWNS5130
BB1
BROND552
DROUK044
ESCOT575
FLONG956
FRERE393
GOATY085
GRENS418
GUM46759
HOST8877
KOPH5730
KRANG372
KUTA9080
LOWED122
MADRID
NOWLS323
PUDSY618
QAQAQ
RAMIS993
RECUR054
ROLE6561
ROTL1496
RUER4677
SALVE937
SLEYS416
SNIP9748
TOAD8602
TROCK567
UCLA
UDALS704
WENCH156
AUFS0413
CAPA
HANG9460
JAY-SPEAR
JIG24311
KIERS990
LAZAR420
LIAR8108
MOLSON
NOGG0010
PARTI756
PENCE105
POOR2938
REACH960
RODED036
RUMBLEBUTT
SEEDS080
SICS3422
SIRED986
SMEAR316
THYMY475
TINTS349
UNAI7504
VISES357
VOICE420
VOUCH388
WEEST179
ADD99
AGGRI357
CANTO519
COHOE374
CRACKE
DUNK4684
FEIGN900
GADID040
GARRE503
GIFTS113
GOTTA686
GUDE5407
GYBED356
MIHA2857
MOBDICK
MONDO
PAS06431
PHT86436
POACH279
PUNGA321
REACH014
RIFT3784
RULETHEWORLD
RUMBO033
SIDAS682
SILK9813
SITES166
SMEE0025
SOCK9556
SWATH940
TAD31832
TOLAN540
TUQUE210
USUAL199
ABEND950
ADDALL
AVR
BLOWME
CERED933
DOUSE483
EDS1
KEXES815
MELAS324
NUGAE293
PASEO443
PSOAS363
QRT
RECCO727
RIVER330
SEDUM985
SER61679
SERGE606
SNIPER30
SOPPY099
SPRUG712
SUNBATHING
SUPE1723
SWONE238
SYTE
TREEN965
TWP
VEXES537
WEIDS112
WOTS
YATRA385
YUGAS505
BOURN507
COUPON1000
FEASE660
GAZE4267
GLOVE125
HEDGEFARM
HEUCH088
HIS22300
LATI0733
MEEDS674
MONTH262
OKE64456
ORRIS219
SIDAS088
SKATT297
SPAS3229
STEDS310
TRIAD486
UMMAH843
WISE6174
YACCA755
YAKS0305
ALTS9991
AMMOS806
BAYS5578
BOP75774
DOME
FINOS642
GERMY308
HYPED357
JUGAL043
KIRRI315
LYRE4912
MILLIONAIRE
MIME9837
MOZZ3012
MURP
OBESE488
ORDO5335
REWAN020
ROODS717
ROOTY100
RYAN11
SATI3855
SCORN993
SCUSE861
SMART052
SNOOP455
SOUM4473
STEED854
SWOTS697
SYSOP535
TACHS694
TAWAS148
TODY0434
TUBA8003
TURF7909
TYNDE794
UNDUE300
VAU76105
VINYL041
WELLS111
AGRIN908
AROSE556
BEDU1261
BLAWS878
BROWN428
DUMDUM
FULLS133
GIJS
INKY9608
INLAW329
IZZAT189
JETON100
JUGS9059
JUVE6324
LEERY885
MALS9499
MARINEFORCE
MEDKIT
MEG46509
MEWED499
MIF
MUT61026
TOLU7338
UNAUS078
UNCI6725
URIC6967
VEILS785
VIGAS510
VISTA385
YANGS407
YEAH9774
YITES823
YODH8917
YOURS675
AHA49940
BESES109
BODE8008
BUTTHEAD
CHOWS971
DIRLS823
DOWL8889
FETT7946
HING2679
MUDIR200
NENES380
NOVAE136
OURIE607
QATS3996
SCEND835
SIX84749
TARRE042
TILAK835
VERT2669
VOWS6848
WINES016
YODEL828
AGE81803
AGENT241
BAVIN570
BERYL312
BRAVA599
CHINE084
CUKES415
DALTS045
DECOS425
FAVV
POPSY954
SCOPE049
STYL
SULKS878
TIE44300
WADT9820
WAKF9335
WHAUR047
WONK5686
WSS
ZIP48487
AGLOO231
CHAY9128
JEHU3258
MALLS018
MUIST419
PURN
SCOPS801
SEAMORE
TINY1735
WAWE3297
WHEEP929
YETIS941
YRNEH114
AGING121
CALO4149
CEIL8978
CRIS7148
IMPI3822
KAIAK662
KANZU139
KOI65881
KONK2925
LAFFS552
LAIKS706
MANEH253
MOCHA347
UMPED511
WHILE067
WICKS563
WITH8264
YLEM6453
!PAULMAUL!
ABORD839
B.E.A.F
BELLE648
PARTY509
PISCO167
PLIMS176
FOOTY704
JAVA8857
LERE4005
PAGE5946
PHOT1329
PIAS1319
PIGHT182
PIKES394
PITH0586
SCOWP913
YAGS7808
ZATIS044
ZEBUB743
GEL23950
HESTS590
SERRA756
SEWIN310
STOAE914
TAITS172
TOWTS767
ACCO
CHARR116
SPAY7689
DOBY9355
DURR2550
FENDS097
LAMED052
MENACE
MERIS709
MERKS777
9-1-9
AMPS6685
BASH0590
GEUMS773
HAAF7816
YEAD6281
YOW91990
ALKO4992
FEATS913
HULKY343
SWIZ2241
TUBBY632
BILGE623
EMMY7348
ROKER081
SPROUT
.IF
AFRIT769
MEW54648
MUCKY203
QUASI869
RING4225
SCRUM
TII
WEILS075
CODON189
DAL98576
MOSSAD
ODE70857
OVALS457
TRINS643
XAV
FUXURMOM
H0E
LINEN652
PHUT8089
SIMUL567
TOKAY937
BUDLIGHTKING
CARR9973
KAAMA493
LUPUS
MUM04779
TERROR
VAU59654
12MUTE0649
13NEXUS
15PANDA459
18RADGE463
21SATSUMA
22SEAM5453
7LOWP6508
82GINKS500
83GIRDS429
86HASPS539
87HOLLY350
CAMA8801
LOOED013
NERAL629
REF98024
VARIA332
10MR747
11MRBIG
19RENEW325
23SEIFS055
24SEWAN706
26SLANE122
29TIROS380
2INANE930
31TOGUE773
35TUSKS465
36VEXED891
3ITV
43CDN
45CHIC9433
53MW93
54NARD0941
56QUAIL499
57SPRAG774
5LEON
62ABEAM184
65BORAS995
66BUSKY021
68CRAP
70CYMAR880
76DUNNY974
78FAM
84GLASGOW
85GOTHAM
AZO98024
ZAXES076
14OKTAS354
16.SCOREGASM
17.BOLLOCK
32TOKI
39VODUN660
47KIBBE851
50LOVEIT
88HOWKS786
89HWAN2431
90IAN
91INFER288
92KENT5978
93KRAMS206
94LAGAN660
95LARKS619
96LEECH046
97LINEN242
99LOOTS950
BLYPE791ARNI
CABA2125
CHAIS933
CHEWYMOROSCR
DDF
HEJAB892
MAGG7566
MULED919
NUDER247
PONGS256MAMC
SABER364
SCUL7533
SIDAS208
11.KJON
13.GODDAD
15.KERL
2.CRUSHER
27SLEEK307
4KNOUT838
72DEADMAU5
75DUEL0133
BAFTS718EROS
BZA
CHAN
CHUCKY..
DUST0979
GRAM4035DYER
HITCH
MYOID180
$44.K
14.VPLIES
19.DEMON969
21.197
21.DHL
30TOBM
33.HICK
37.9000
52MADEMAN
67CHUM
BETTY206.
GENIE509
MAUTS693
MAVIN165
MAYA5176
MIKE775
MRK247
MYXO6739
OPANOINT786M
ORGAN589
YELMS383
11.DFL
13.TVR
19.DHL
20.NAG
22.RICH4368
23.SNJ
24.DJDEAN
26.PLAYS004
29.JSN
29.NOFX
30.LASES417
31.MOBKING
33.TCE
35.ACOB
35.ADD
38.RAMEN
41.ADD
41.RAMEN901
42.SULKS142
43.TIPIS804
46.LORES123
47.KRAYTWINS
57.HXI
58.ADD
71DAKNIFE
74DROID
79.SNES
79FEAST424
80GAMPS291
81.LAO
88.ABBS
BVC
MYSTERY.
NUDIE825
PIKES851
QOD
ROMANS1221
TRYAGAIN
WHOSO143
10.JUROR897
10.SAVE
100.DWF
100LOVED500
16.MCA
17.CXZ
20.STIR5912
23.DAVE1
24.GOAL9611
25.MICHE851
25SIKAS229
26.LPZ
3.RAIDERS
31.REDMENACE
32.ADD
32.ANKHS467
33TOOTH070
36.ADD
38.BWANA263
38VODUN285
40.PIN17710
44.PRIMO662
44CENTS230
45.ZUZ
48LARKS007
5.FRESHY
51.RAMEN901
55.TIPIS804
62.MVA
65.SAVE
6LET99053
70.DON2
76.DWF
80.PLY
85.YME
89.KJON
9.KG
98.RATS5374
GIRRS463
HIGH247
LIRE6491
ME----------
MINE.
SWERV88
TWIGS2240
14.POPY
18.TRIOS460
25.RECON921
34.COIN4356
4.NOFX
40YMCA
43.PLOW
475....4774.
48.XH
52.R2D2
53.LMALO
55NBD
56.CROFT
58TAPIS692
6.RADD
63.PEPPA
7.HORNET
7.SPROG486
74.ISHI
82.CAA
99.CETI
ACERB205
BOOMB
EMAJY
HANDSMCGEE
HEROXBEWYX
HORRORHOUND
KRYS
L1B3R4T0R
LARSON
LETTING
LEVITICUS
LOCKING
MASSIVEMONKE
MERES409
MOFOBRO
OKEEFE
PINED057
PROELIS
RYANLAD96
SIMANATOR
SPIKE88
SUPERCHINK
TICS1354
TOMMYDP18
28.COLED542
28.TONES379
28SUB
36.GDOG559
42.SARDS214
44.TEXT6994
48.RAMEN
5.ZIGGY
50.HERE7540
59.LILY24
61.GRUMPY
66.1248
68.GOFISH
69.GEUM8383
72.354
73.SWEEDE
78.LORES123
83.BOAST681
9.CABBY488
91.SWOLN441
92.PAPA8650
94.ANW
15.SERGE
27.729
51.POPY
52.FOLD2084
60.BARRAGANJ
64BEAVER
67.BANJO
71.SPROG486
73DOERS623
75.M4R
8.IPL
84.SOWTH890
90.CUNTS239
BULLSTRIKER
FIGURED
JAMBEN
JATYX
LOOY
LOVELY
ONE2L48
PAULEY
PLAYERZXX
PRRR
QUIGLEY
RAWRITSVIVIA
SAVVYX
THIP
TWITCHY
WEASLEY
1234...143
12345...143
332012
34.PRIMO622
362012
64.463
AVIATOR2011
BLUEDEVIL
CABAL28
CAPOPO
CRYSTELEYE2
DONATIONS
EOWYN
GUNZILLA
IIANUBISII
IL_PADRINO
IPAD.
NOG
RACHET
SAXES386
WIKKEDGURL
WORK....
WORRY
YAMADACHINO
------@
-1-
1WREN
329-612-123
60UNARM429
612001
69.DEMON969
86.87.DCN
9K
ATOM.
DADDYJKOMILO
DEATHPINOY
DINK2250
DURN4825
F6870WELLDBA
FROG5627
GOODFELLASFR
HAULS323
HHHHDIDOS299
KLDSFVDSV
LUGSTANG
MOVRAZAG8928
OHPJTZOHJOXJ
OPMEVOPZN
PJTCYLONTHEZ
POLE0245
PXDJEVZMOPU5
RESPECT.
REXY
STALK561
TINI
TZMPYH
XXADD
19.SXS
2.BH
21.685
354TARED195C
601-900
69MUSTANG
76.KJON
93.RAVEN847
APE1.
APPEAR
BIGDUBS
CHRISH
DANKS052
DELETE.
ESDKFJKLSDJF
FEG
JEUNE742
LFE
PPKCHUCKIESI
REBEL12
SZANDOR
ZHJZI
-675-766
-675-869
-730-568
-764-014
-767-688
02-17-12
12.MUSTANG21
18.@B
2.DNC
21.DDOG
22.JKJ
23.BLEA
23.DINES574
3.HORA
39.SULKS
4.WEAR
40.TIPIS
49.SLIDE109
6.REDMENACE
60.LFS
62.NVME
64.KINKY948
711QMAPATH
ADDODBFCCPIN
AGO555
AGOEDYEDY
APART
ATACKED
BANGS240NAED
BIGREDBEARD
BLISS331
BUILT
CIRCS617
CRINNY
DISCLAIMER
EDEMA220ORIC
FHKJRSJFKLES
FURLS322
HEADPHONES
ISHE
JOYFORMOC
LOGO1511
LOOKED
MAGICSTICK
MEANF
MODIEVE
NAMES!
OLI123
PHELPS
PRIESTESS
PRIMO622
RUDD1840
SEPT8535
SHADOWKING
SNIPEL179
TAO38221
TOPAND
WRATH070
_4567
-638-397
-659-666
-969-590
-979-447
-982-050
-982-401
-987-546
-996-095
03-30-12
03052012
03072012
04-10-12
1.ARO
51.573
53.C8
55.EMJAY
57.RITZ
71.POWN8703
74.SIXER658
82.SIP51375
83.ORACY487
88.CUNTS239
92.1690
95.1248
96.B313
97.2020
99.E0
A-TEAM.
AGO1979
AGO52
AGOAPRIL
AGONEWCODES!
ALPHABETIZE
BAMAMA
BOSSLADYLIN
BRAD536
BULK5411_
COUNESBIGJOB
DFF
DICH837
DMRGERIOGUIE
FLUSHER
GANTGV
GIED0477
GOAL9611ROYA
HAMM
JUANVALDEZ
LISTE
MIG22444
MISSDEMEANOR
NEWADD......
NEWNEUE
NEWPLEASE
NOPE4558
NOTOFTHISWOR
OUTINVITECOD
OWN.
RE-UP
SEC54752
SLIMY291
THEMISSOCRAT
THESHITTOMIA
TITY794
URUGUAY
WILFIS
_FATS
-609-765
-616-996
-627-078
-652-757
-775-626
-905-169
-914-396
-917-509
-929-693
-936-674
-943-713
-944-679
-946-260
-948-950
-952-768
-953-806
-957-626
-958-278
-962-855
04-15-12
04-26-12
123-443
1978VDUBDXED
411981
5.084
67.G4S
80.ROOF
85.GOFISH
86.REDDAWN
87.SND
90.ADD
91.ASSD
93.PUSSYCLUB
AGOTHEZOODAR
AQJG
BAPTIST469
BONNY
BOSS007
BUZZEDMKSCOS
CODES.HAPPY
CORRALES
DOCHT215
DOVAKHIN
FIFTH540
JLDSKFJ
KLF
NEWPLY
PODROCKER
RECS9647
SNIBS207
073
22.HELPS668
27DIRT
7MYOPS327
81CRIBS354
88DROVE641
89EAVES002
8OBIIT140
ADDOPUS2392
ALLIANCES.
CHOOK
EDYEDY
INTRO541
KIPPS353
MOBZZ1
MXKJZTZ
PADDLE
PICCY050
QUILY457
RAGG4849
RANCHO
-997-925
010625
011915
012344
013002
013951
025457
031031
031650
083
100.E2
10SLOID392
12.DEATH_EAT
16CHEERS
19ALYK
20.BEARE155
21BROD8224
25CURLS755
27.463
29ERSES266
31GOLP5592
32.ANA66052
41MAMMY873
45.ADD
45.NOY
46.ADD
4JINX0497
5.LORES123
62TSUBA626
64WIN22662
65ABHOR953
66ACD
67ADSUM366
68ALKY1200
69APRES908
6MINA1252
70ARGUE366
71ARVAL998
72ATES7032
74BETED569
75BJ
76BLAG
77BUNYA674
78CHEVY348
79CK1
82CRIME329
83CROW
85DAMN
86DARAF082
87DINT
91EME74111
92ENOW0442
94GENIC607
95GLEBY359
96GLOUT422
97.ADD
97HAVEN814
AAJ
ALCID784
BANE3878
ENIAC643
M69
MERCEDES12
MOB42
MRFRANK1
MRK3
MTP1
MUK1
NALA4
NEW092
NOOB11
OBWO2
ONEBALL2
PARD49561
PHGD9
PHYLE6901
PLEAT2001
PROLE7151
PROM50301
REPA2
ROGER4322
ROTOS4491
SCP1
SEMPERFI1
SHOO93023
SPEAN0631
SPECK2893
SSW1
STO1
TIPPY189
-203-284-271
-204-631-284
-216-995-278
-222-199-249
-232-794-246
-234-802-201
-238-656-276
-245-855-258
-253-350-283
-254-335-211
-264-006-249
-264-504-266
-283-037-258
-284-894-220
-293-072-264
01009
032453
042310
0603
064113
073002
10.VIBES
12.HOOTERS
2012.06.28
2012.06.29
2012.07.02
2012.07.03
2012.07.04
2012.07.05
2012.07.06
22.NAG
25.TUMS
29.SEEN
2SEXY1
4$41
40LINDS930
42MICA1560
43MINNESOTA
44MOUND456
45MOUSE979
46MYN
47NAY67427
5.DWF
50.DTC
50.GODDAD
51PIRLS873
52PLUMY126
54PURI4337
55RAZES373
56RT
57SEIL6050
58TAPS1195
59TRAY0920
5JUBA5972
60TF13
61THIN0128
651162
75.BANJO
78.TTTTT
8.CAA
81.DALT
89.XXII
94.LPZ
AAK
AAL
CARRBIT
DARKFEAR61
DSOBO5301
EDIS
FEDLEO1
FEESE8271
FIS2
FURLS9391
KAILS350
MMBJAB17
NOWY5928
OVEN1
QX1
SLV1
SNJ2
SRJ2
THEMISTURFTA
TOIGH015
TOPDOGSPIDER
0832
100HUNKY924
11THOUS188
1999FATHER26
24.HYRAX465
24COLA0103
28DOAT4409
2FLEW7448
30.IBIS6419
30FOLK2447
32HALO7572
33.3721
33HULLY750
34HUNKS442
35.479
35JAVAS898
36.PUDIC284
36JDUB
37.LINES539
37KANYE
38KNOB4041
39KT
3ICY81695
52.GOAL9611
6.9000
699ZABROYBEA
70.BEGAT204
77.LIMAS312
79.079
99HOARS243
ALONG.
BIGBUDS1
BIGFELLA31
BIGT2
CH3M1
CMS16
CONTINUED...
CONTRACT1
CPT1
CRANKBUGS2
DARZI9342
DQ1
FAW1
GOIER8496
GRECE345
GREYMAN1
GROUF9772
HCXL1
HOWIE1
KILLAWATTSSK
KISSESNEW
KURU76793
LEONE4
LPL1
LUCID8601
MAN902071
MANDA1CIGARS
MANILA8
METIC2641
MIGS44161
MRFRANKDEADL
MUSSEL4
NACHONOFEARB
NOFXHEAVYDDO
OCTAN9552
OPSCAT1
P777GANTMUAB
POGOS7132
POLICE1
POPY2
POY1
PRIED2221
PROSS2662
PSS35
PUTA1
RASED9673
REDMSU1
REGDJONESCIR
REHAB
REWIND
RICKYNICKY1
RIZEE080
ROOF1
SANK1
SANTOMOCMERC
SANY47
SARDS21451
SCOREGASM70
SEPOY6331
SHAW04771
SHB1
SLAE93902
SLOID411GRAB
SMEE1
SMOKING204
SOLAHOOCHCHU
SPAZA638DRUM
SPELT7712
STYLECOLORYE
STYLI2401
SWB1
SWONE2381
T2T2
TGIF1
THERE1
THESHITCHANU
TOEA69981
TOT39
TRIOL00777
TRL1
TX12
VIPER@DSPART
WHIT
02009
081
13TOSES194
15ZEKS7653
16.MASARGEN
18.ORK
18ALPHA010
22C64
26DB
31.HYRULE
46.XH
54.QK1
59.IN4M
61.MJE
66.DWF
68.VPLIES
7.REEVE839
9.CXC
9.PUSSYCLUB
90EBB05435
98.CHITS709
AMENE036
ATCI
BONBON
BOO612113
BUNTS9801
BURRA1
BUTUTO151
CHEV1
D22
D591
DAD13420TUNS
DAMAR3551
DARKWARRIOR2
DAVISS
DECOS611PALM
DED5
DEED47442
DHC3
DIACT9721
DIENE6631
DINES5741
DOL15
DOUM56111
DOUP19261
DUKIE3
DUOS1
FASTFORWARD
FI39
FORDMAN901
FRIAR1
GATTO1
GEICO
GOHAN3
GOKS10
GRYDE585112
HAE4
HEAVY50
HIKER1
HIYA97023
HOUR1
HX2
OKZ1
QOQ31
QWS1
RAVEN8475
RELINEBISONT
SMUTCYBBOYWO
STS9HOMERART
THEZOOSOURDJ
VIA43145
086
096
12TOEY9054
14.TEZ
14VIED1180
17.POPY
23CLOWN178
47.DENALI
49.HORA
63.ROBY
7.KITT
71CLOVERSWIZ
BARRA9954
BEN11
BETTY2061
BJONES1
BURNOUT475RA
CAE1
CAGERAGE3
CFLY951
CO17
COD41
CONTRACTJOLL
CREDO3165
CRM6
CRUISE1
DSQDOUGTHEKI
FIGHTSON
KILROY5
KSK1
KTI5
MCL
MEAD2019
NEW099
QUASL869
RSU
UNETH283
YORK738
079ZBLORE192
13.BULK5411
14.CUNTS239
16.ORACY487
17.TMNT2
2.0116
24.SPROG486
25.B313
26.MIRK2711
32.GRAIP531
33.DL2
38.D2
40.RANKE100
41.M1
49.SULKS
50.TIPIS
9REDOX534
B@D40
BIGLDOG2
BOKL
BULE408
COZEY386
DBL07VDUB162
FUT1
HYBOY187
IOPER2000
JD31
JEHU60951
KEEN3465
KENAKNAR3024
MINAE777
PECH0084CAST
PUSHERMAN
RANDINI
SITE?
SKURPOEMS028
SPS5544URIC7
TERRA232
VERINO
YAKOBMREDPNU
082
20.SOUTHMARK
28.AZER
29.ADD
3.THEZOO
30.MERK
37VLEIS135
43.RADD
56.NEWGUY
ADDRAMEN901
BM33
BOSSMANSTOPH
BRENS2032
BROK
BSD3
BULLS1
BUNNY1
BUNT1
BURSE1611
CHUM9076
CROCSAPPKRAN
DAEMONUM
EGERS566
HTFUDINO14WO
JEKKEL1
JIM771
JJS1
JKA41
JROD1
JUC4
KIKO82
LADYC11THEZO
LIFER1
LISTED
LODEN
MACHINE1
MZHTEXMEXSWE
PROLE715
RRRRRHOUSTON
STUBS1
SYSOP0822
T2TSANYWELLB
TEND34551
THEKING1
TOMAC4
.Y.
093
11.TABIS043
15.SIP51375
16PILEI894
174162WELLSN
20BOOMBOOMPO
26.PEPPA
34.AZA
37.EMIC2986
38.GEUM8383
39.DON2
4.HUNTA
42.0003
43.0002
44.1500
44.EXX
45.1600
46.EGOS1963
46GOLES409
47.WUDS8403
48.FRAG7403
48.MANIA534
48OFFS6266
49ORDOS071
50PATEN598
53PROIN070
59TENUE383
63BEVEL430
6605652DBL07
69CULPA233
73.MUSTANG21
73BADE6956
77ERING669
80CODON951
81GAPED369
84CRUMB718
8F1048
8MAHUA454
91NEXT
93FATTY459
98HEBES971
98LOESS686
990YORKIEHHH
9MEGA5877
ADDSPROG486
ADDSULKS142
ADDTIPIS804
AGLEE9553541
B0M1MKSTOUT1
BATIH610
BAYTX1
BENE1
BUMBS
CREDITREPORT
DYNAHABITMAZ
E51
EBBET6021
EDEN3
EDY1
EERR2
ETHER0511
FROOMAGERUF
HILI70551
HINK2
HXI1
J3MZPRINCESS
JCC1
JIZ1
JJH6
JOSKIN
KENAF1433
KUZA40
MOBZZCASTLEF
RILED
RINGS419
TIMMY!007JBK
TOEA3060
TOUT1640540D
TROIS047
UNPIN6191
UPO1
USI1
VDUBHABITDAM
WAG1
WALNUT6
WAYS83501
WFL2
WHITNEY1
WHYME1
WINOS0971
WJFDARLINGWO
WOD1
WTGDARLINGKI
WWF1
091
094
097
098TALI7221
10.SCAB
11.NVME
17RACE6531
1NUT
20RUSTY272
34.DED
34TOPSYKRETT
35.QKN
36.V
40.MOBBUP
49.JFC
49LORIS286
51LOWSE230
63ABIDE728
A181
A891
ALOCH13
ANSAE8012
ANW4
APOS02962
AREA511
ARRR2
ARX1
ATB19
ATC1
AXS1
BAEZ1
BAUD877
BOSCHAOSPHEO
BUZZED1978US
BZH2
CHOC1428SWOL
CTMMOB11
DEMP
ENEME767
EZ1905
FARCE464
FATAL363VAJA
GROUT263
GYDE585
ICILY8781
IFC2
INFORMATION!
INSANITY
ISLET9311
LOVERBOY
RAINS472
RTIPIS804
SAA
SCUR6783
SOUMS860
STEID155
TAIL4504
TEXT5828
TRICK658
VRIES
WEETS668
WV3
YBORG528
YEAR1
YEO
YESK71031
YME1
YUY1
ZAR1
ZCW14
ZOOM27171
ZOOT2
085
1.FUT
12.AFCWEST
13.NNJA
15.MYSTERY
19.ANTHRAX
27.KASA
3.THESHIT
31.ILLEST
4.TENT
AAM
AAN
AC41
ADDDUNN
ADDED1
AIM999
ALKO2
ARATHORN
DSIBO530
ETWER470
HSI
ITO
JESTS736
MATR
SHAMA974
SPIDE828
UF6504
WERS428
WITH0170
-860-026-835
089
910-129
AAX2
ADDTEZ
ADDZED24
AMERIKAVEO6D
AOSMMBJABLOR
AXC
CREEP682
DDBEE
DMMADDMEGLIF
EGGYCHEVY1@M
FANDS227
GALAS744
IAMFIREDFALC
JAIDEE
JWBONES
MOBS0857
MULE3308
STANG2161
TIRED110
TOOLZ
072
ADD.THIGH926
FRANKENTANK
LOUS8126
MAROR483
NOTAL470I
SNOOK204
SPICE
VALOR
YINGSPHROWS
-800-740-874
-801-048-839
-806-741-853
-810-568-897
-813-701-867
-819-248-866
-821-175-829
-821-253-811
-828-052-880
-838-303-878
-838-386-866
-842-651-804
-856-254-880
-858-233-862
-861-838-861
-866-616-800
-878-810-886
-879-817-820
-880-570-822
-881-969-818
-887-598-808
AANZE769
BIRRS943TOLT
FLAKA
GRETMA
ISSUE663
POOPIEAXAL04
SPURT874FUND
YRE
ZOOM2717
ADDANGRYBOY
CAVED342
KILOP
MOSHIMONSTER
SIXEE658
CLOVE3883
FRUMP036
GHUJ
HYU
ICEWAND
JKI
KAMIK774
KZABAK
LINES593
NIEN
PRUBE
RISENMKPICAN
UYT
982BLOODYW9A
A9K4Y
BOOST145
FLUMP063SORU
GHH
HAYS1167ZARF
HTR
HUY
HYT
IRKS5525532P
KDKD
KIUY
KYM
LILLY
LUBEPLUMSHOO
NEW0200
PES69238KAUG
RUH
SDQ
TESS
TEST6884
TYVM
WINDOWBEAUAL
ALAS648
BIGBOOBSMZMC
CAGS6291FREK
EVE72012GROU
GSTAR23
KLL
CJUNEUBCOCK
WINES033
ZUDONYI
BIRDFLU
CEGEP668
CHLOE3
CLEVER
LIROT571
SPACEY435
ANKHS046
FRANKSINATRA
LACIE
A5E8AA
_CHUCKY
ALENTRUS
MECRLE
18.ONLY
LEI
BUFFALO
ANTONIO
INVITED
MAYBE
WALL!
GANSTASAM
RIGHT?
THOMPSONS
WORLD!!!
FARTZE
GREN0644
GROW!!
PIMAN
BROCKSTIFF
CAZZDIYLORIS
CODESITES
DOUGFUGGA
EDS
FISTWB
FLESHRARE
HARDCOREDICE
JIS
KINVARAS
LENCH
LID_S
LIFT162
MASHCAPE
MO-
MRAMU
MUAOAO
NOT89203
ONTO
PLATOOGC
1BALLMSBTHES
BID-FLU
DISQUAD
HALMA061TARZ
MONEY225BITE
MORALSNJTATP
REPLIESVALID
SKYSURFERP77
WHETTE
ITA
MAR-75
POSTING
PUNCHING!!!!
REALIZE
ROBO37
ROJO
SFW
SNOWYNON
SORTED
TABMFC
TEOA3060
THES
THEYLL
THEYRE
TIARS809
TOMESTONE
US?
VEO6DRAGON42
VINCEP
XXNOZXXS
YUAN1563
679TOYS
ADD99TWILIGH
ALREADY!
BROSE597
BUNCH
BUTES247HOUS
D!0N
DANGO936
DEEBOW
DUMBWAY
EMINEM36
FTAJOY
GREETS
HEALDTON
HERTI1555
KR3WPUFFWAC
LUCKSOURDFOR
MOWIN10
SYWR
TOSAS069TREW
WALT
A9!!
AGAIN?
AIN30540
BANKER
BECKSHISS
BOLLOCKCHIN
COFX
DANX
DARKDEAR
DIDNT
EDDJOY
EMPLUM
FATZ
FORJARL
FORTGROAN395
FRAZZLEXES20
GRADY
HAVENT
HOPEWJSEMOTB
ICONS
IGNORING
ITE
J28OWSEN559
JAYKDEEK3771
JOFIS
JOYFORDK
JOYQE
JSW
MRFRANKJEDST
NEWBS
NILBONEZTOPD
NMSATCHTFUMR
PINKKUSH
SHOJI
TOPH1570
UPDATE!!!
ATLEAST
BUTA2317
EDBBBBBGAINT
EVERYONES
YAKOB354DUNN
ZOOMY-DEMO-T
1MMBJAB
727DSQDOUG
ACCIDENT
AREBIGFELLA
DINOYINCRAWL
IDEA
KILLAWATTSNA
MAYO25O3
NEMA
1000S
BIGBUDSTURFT
REOS0516
SUBURU
BONANO
WEDTAYLOR
190MERCLEEMI
310EDD
A1-Z1
CHAOREN
COLEON
DAGENHAM
HUMAID1234
JLHSCAR
JRAFF
MAP2DOPE
MRGORE
POLO156
PROMOTED
PURIS333
RAPT6330
SEABASE
SKYLLE
X7
BOTHERED
CANDO
CANEFLESH
CAPIPS
COBITH
CODEH
COLM2K10
CONTEST!
CREEP3R
DEUTT258
DOBRA42
FLESUL
GOOKY4
POLI
BAQAN
DD!!
ERST3362
EVERYBODY
JENGEN
LETS
METALARIES
MYSTERYS
PARTIO44
PATTYSMACK
SELECTED
SETHR05
SHAHS058
SNOWHOUND
THEDON1XXJAM
TRUEROTEN
TWITS509TEAP
VERDEOXE
WHOA!
WIRED979
ADDJAZ
AJC1321YTTAN
APPRECIATE
ARYIE550
ATTITUDE
AXEL3994
BIGSHOT
BKOSTICK
CLEMSON
FBHI
IROKO63
J2TIM
JBDM
JUAN187
K!LL3R
KEMO90
MISFITS
P$T
PUSHPLAGA
QUIP937
SEXYBFISHNEW
SHIN0DA
SNWRIGHTY
SQUADFORT
TREAT
VOAR7299
ADD--ON2U--E
BIGGER
BIGGER!!
CMRPY
JUVANT
JUVENTUS1
LANIECAKES
LETHAL1
LIONEL
LOOPER
LORDNEX310
LUCIEN
TENE4229
UNUSED
___
AAA-ZZZ
ANK
HELPS
HOE!
HOPING
KIDDING
LORDS!
LUMPYXXX
SRQ
WON83147
___________-
BORZ
DSHAF
HANOI
NILJJH
XDXDDEUCE
CAPO!
DICKHEAD
NORM
SAIGON
SAIGONS
SETA
SOGS7546REBO
X21
X28
BALDERF
