COCOPOPSS
CODES!!
CRUUZ
DELS9969
DEVILS!
DONE8090
DUALS
DUCKS924
FOR?
GAWKS
JONATHAN14
MASUS285
QINBJW
REGENBALZ
WINEZE980
ADCDEFG
AXEGOD
CHUA
DAICAVIET
EPPROUL740
FOCUS
FOURS577
HUTZ
J3RL
LWS
MAYER
MCVAG
MCWALDO
MINDFUL
MONEYMAN2
MONSTERS!
NIKURASU
R!S!S
REPEATED
REPEATING
RUMBLESTHESH
SKYSURFERLAD
SMIFFY1
WANYE
14-14-14
ADDUS
AFLSTREAK
BONKSAMEY224
DEFENSIVELY
EQUIPPING
FRENDZ
GULY0608
HAUGH115
HAWS548
HUH??
IT?
LEARN
LOGGED
MACRAY
MATTHEW21
OUCH!
PALED
PALMIEZ
REBAL
ROBB
SMURDS
TEND
YOUCCH
$20
ACCROSS
BUENOS
CAPO?
CRAWLGRIG754
CUPCAKENEW
FLAIR
GRAET
JANK
OSTINATO
OVRKILLBEATS
RETALIATION
RETSOF101
STUMBLED
THATD
THEPUNKLUCKH
THOAI
TRAD
YILLS583
YOUD
001-350
10THU
BEATSRFRICKS
GREATLY
RUMBLESDIZZL
THERE?
THINK??
VIST
X14
COLLIERVILLE
MISCHIEVOUS
MMMMM!!
PR0FESSOR
REDS404TAZ
RUBUSO54
STACK
SWOLF
VINY2452MOUP
WHORE!
WTNTRIMMER
ACTUALLY
CLONE9786
JABIROGUE
JABLUST
NETS5375
PSYCHWEZ
REXINAFAX
SHAGGLYBRITF
V?
WOOHOO
WRY
84S
ABESCARS
JOYBJWMAOBIG
MDUBJBLAZETO
NOFEARSAPHIR
OMG!
REPOMANLAD8B
CLOVER180KIS
JBLAZEJRJSER
PLEKI
WORRIED
ABSEY653!!!!
DMY
QUOTA
ADD_WOJ
SPIF716
TRAIN9198
SRCAM297
ADD_RM
JILL
YONKS365
LAXES022
MARE055
ORS05280
FRANKS
PLEEEEEAAAAS
0.44
BUMPPP
PLASM502
EMIT478
ABAT541
LOGAN271
ALUM1828
RENT0451
